Component: ARM Compiler 6.16 Tool: armlink [5dfeaa00]

==============================================================================

Section Cross References

    auxiliary.o(.text.int_to_str) refers to aeabi_sdivfast.o(.text_divfast) for __aeabi_idiv
    auxiliary.o(.text.int_to_str) refers to auxiliary.o(.bss.int_to_str.str) for [Anonymous Symbol]
    auxiliary.o(.ARM.exidx.text.int_to_str) refers to auxiliary.o(.text.int_to_str) for [Anonymous Symbol]
    channelselection_control.o(.text.ChannelSelection_control) refers to code_def.o(.text.SPI_RFD) for SPI_RFD
    channelselection_control.o(.text.ChannelSelection_control) refers to code_def.o(.text.UARTString) for UARTString
    channelselection_control.o(.text.ChannelSelection_control) refers to auxiliary.o(.text.int_to_str) for int_to_str
    channelselection_control.o(.text.ChannelSelection_control) refers to code_def.o(.text.WriteUART) for WriteUART
    channelselection_control.o(.text.ChannelSelection_control) refers to channelselection_control.o(.bss.FM_Receiver_state) for FM_Receiver_state
    channelselection_control.o(.text.ChannelSelection_control) refers to channelselection_control.o(.data.FM_current_gain) for FM_current_gain
    channelselection_control.o(.text.ChannelSelection_control) refers to channelselection_control.o(.data.REG1) for REG1
    channelselection_control.o(.text.ChannelSelection_control) refers to channelselection_control.o(.rodata.str1.1) for [Anonymous Symbol]
    channelselection_control.o(.text.ChannelSelection_control) refers to code_def.o(.text.Channel_control) for Channel_control
    channelselection_control.o(.text.ChannelSelection_control) refers to code_def.o(.text.Start_FM_command) for Start_FM_command
    channelselection_control.o(.text.ChannelSelection_control) refers to code_def.o(.text.Stop_FM_command) for Stop_FM_command
    channelselection_control.o(.text.ChannelSelection_control) refers to code_def.o(.text.IQ_Dump_command) for IQ_Dump_command
    channelselection_control.o(.text.ChannelSelection_control) refers to channelselection_control.o(.data.REG2) for REG2
    channelselection_control.o(.text.ChannelSelection_control) refers to channelselection_control.o(.data.REG3) for REG3
    channelselection_control.o(.text.ChannelSelection_control) refers to channelselection_control.o(.data.FM_current_INT) for FM_current_INT
    channelselection_control.o(.text.ChannelSelection_control) refers to channelselection_control.o(.data.FM_current_FRAC) for FM_current_FRAC
    channelselection_control.o(.text.ChannelSelection_control) refers to channelselection_control.o(.bss.ChannelControlDisplay) for ChannelControlDisplay
    channelselection_control.o(.text.ChannelSelection_control) refers to code_def.o(.text.Demodulated_Data_Dump_command) for Demodulated_Data_Dump_command
    channelselection_control.o(.text.ChannelSelection_control) refers to channelselection_control.o(.bss.FM_current_AFC) for FM_current_AFC
    channelselection_control.o(.ARM.exidx.text.ChannelSelection_control) refers to channelselection_control.o(.text.ChannelSelection_control) for [Anonymous Symbol]
    code_def.o(.ARM.exidx.text.Delay) refers to code_def.o(.text.Delay) for [Anonymous Symbol]
    code_def.o(.ARM.exidx.text.ReadUARTState) refers to code_def.o(.text.ReadUARTState) for [Anonymous Symbol]
    code_def.o(.ARM.exidx.text.ReadUART) refers to code_def.o(.text.ReadUART) for [Anonymous Symbol]
    code_def.o(.text.WriteUART) refers to code_def.o(.text.ReadUARTState) for ReadUARTState
    code_def.o(.ARM.exidx.text.WriteUART) refers to code_def.o(.text.WriteUART) for [Anonymous Symbol]
    code_def.o(.text.UARTString) refers to code_def.o(.text.WriteUART) for WriteUART
    code_def.o(.text.UARTString) refers to strlen.o(.text) for strlen
    code_def.o(.ARM.exidx.text.UARTString) refers to code_def.o(.text.UARTString) for [Anonymous Symbol]
    code_def.o(.text.UARTHandle) refers to code_def.o(.text.ReadUART) for ReadUART
    code_def.o(.text.UARTHandle) refers to channelselection_control.o(.text.ChannelSelection_control) for ChannelSelection_control
    code_def.o(.ARM.exidx.text.UARTHandle) refers to code_def.o(.text.UARTHandle) for [Anonymous Symbol]
    code_def.o(.ARM.exidx.text.SPI_RFD) refers to code_def.o(.text.SPI_RFD) for [Anonymous Symbol]
    code_def.o(.ARM.exidx.text.Start_FM_command) refers to code_def.o(.text.Start_FM_command) for [Anonymous Symbol]
    code_def.o(.ARM.exidx.text.Stop_FM_command) refers to code_def.o(.text.Stop_FM_command) for [Anonymous Symbol]
    code_def.o(.ARM.exidx.text.IQ_Dump_command) refers to code_def.o(.text.IQ_Dump_command) for [Anonymous Symbol]
    code_def.o(.text.UARTFM_IQ_Dump_Done_Handler) refers to code_def.o(.text.UARTString) for UARTString
    code_def.o(.text.UARTFM_IQ_Dump_Done_Handler) refers to auxiliary.o(.text.int_to_str) for int_to_str
    code_def.o(.text.UARTFM_IQ_Dump_Done_Handler) refers to code_def.o(.rodata.str1.1) for [Anonymous Symbol]
    code_def.o(.ARM.exidx.text.UARTFM_IQ_Dump_Done_Handler) refers to code_def.o(.text.UARTFM_IQ_Dump_Done_Handler) for [Anonymous Symbol]
    code_def.o(.ARM.exidx.text.Demodulated_Data_Dump_command) refers to code_def.o(.text.Demodulated_Data_Dump_command) for [Anonymous Symbol]
    code_def.o(.text.UARTFM_Demodulated_Data_Dump_Done_Handler) refers to code_def.o(.text.UARTString) for UARTString
    code_def.o(.text.UARTFM_Demodulated_Data_Dump_Done_Handler) refers to auxiliary.o(.text.int_to_str) for int_to_str
    code_def.o(.text.UARTFM_Demodulated_Data_Dump_Done_Handler) refers to code_def.o(.rodata.str1.1) for [Anonymous Symbol]
    code_def.o(.ARM.exidx.text.UARTFM_Demodulated_Data_Dump_Done_Handler) refers to code_def.o(.text.UARTFM_Demodulated_Data_Dump_Done_Handler) for [Anonymous Symbol]
    code_def.o(.text.Channel_control) refers to fmul.o(x$fpl$fmul) for __aeabi_fmul
    code_def.o(.text.Channel_control) refers to ffixui.o(.text) for __aeabi_f2uiz
    code_def.o(.text.Channel_control) refers to aeabi_sdivfast.o(.text_divfast) for __aeabi_uidiv
    code_def.o(.text.Channel_control) refers to aeabi_sdivfast.o(.text) for __aeabi_uidivmod
    code_def.o(.ARM.exidx.text.Channel_control) refers to code_def.o(.text.Channel_control) for [Anonymous Symbol]
    main.o(.text.main) refers to code_def.o(.text.Delay) for Delay
    main.o(.ARM.exidx.text.main) refers to main.o(.text.main) for [Anonymous Symbol]
    startup_cmsdk_cm0.o(STACK) refers (Special) to heapauxi.o(.text) for __use_two_region_memory
    startup_cmsdk_cm0.o(HEAP) refers (Special) to heapauxi.o(.text) for __use_two_region_memory
    startup_cmsdk_cm0.o(RESET) refers (Special) to heapauxi.o(.text) for __use_two_region_memory
    startup_cmsdk_cm0.o(RESET) refers to startup_cmsdk_cm0.o(STACK) for __initial_sp
    startup_cmsdk_cm0.o(RESET) refers to startup_cmsdk_cm0.o(.text) for Reset_Handler
    startup_cmsdk_cm0.o(.text) refers (Special) to heapauxi.o(.text) for __use_two_region_memory
    startup_cmsdk_cm0.o(.text) refers to __main.o(!!!main) for __main
    startup_cmsdk_cm0.o(.text) refers to code_def.o(.text.UARTFM_Demodulated_Data_Dump_Done_Handler) for UARTFM_Demodulated_Data_Dump_Done_Handler
    startup_cmsdk_cm0.o(.text) refers to code_def.o(.text.UARTFM_IQ_Dump_Done_Handler) for UARTFM_IQ_Dump_Done_Handler
    startup_cmsdk_cm0.o(.text) refers to code_def.o(.text.UARTHandle) for UARTHandle
    startup_cmsdk_cm0.o(.text) refers to startup_cmsdk_cm0.o(HEAP) for Heap_Mem
    startup_cmsdk_cm0.o(.text) refers to startup_cmsdk_cm0.o(STACK) for Stack_Mem
    __main.o(!!!main) refers to __rtentry.o(.ARM.Collect$$rtentry$$00000000) for __rt_entry
    ffixui.o(.text) refers (Special) to usenofp.o(x$fpl$usenofp) for __I$use$fp
    fmul.o(x$fpl$fmul) refers (Special) to usenofp.o(x$fpl$usenofp) for __I$use$fp
    __rtentry.o(.ARM.Collect$$rtentry$$00000000) refers (Special) to __rtentry2.o(.ARM.Collect$$rtentry$$0000000A) for __rt_entry_li
    __rtentry.o(.ARM.Collect$$rtentry$$00000000) refers (Special) to __rtentry2.o(.ARM.Collect$$rtentry$$0000000D) for __rt_entry_main
    __rtentry.o(.ARM.Collect$$rtentry$$00000000) refers (Special) to __rtentry2.o(.ARM.Collect$$rtentry$$0000000C) for __rt_entry_postli_1
    __rtentry.o(.ARM.Collect$$rtentry$$00000000) refers (Special) to __rtentry2.o(.ARM.Collect$$rtentry$$00000009) for __rt_entry_postsh_1
    __rtentry.o(.ARM.Collect$$rtentry$$00000000) refers (Special) to __rtentry2.o(.ARM.Collect$$rtentry$$00000002) for __rt_entry_presh_1
    __rtentry.o(.ARM.Collect$$rtentry$$00000000) refers (Special) to __rtentry4.o(.ARM.Collect$$rtentry$$00000004) for __rt_entry_sh
    aeabi_idiv0_sigfpe.o(.text) refers to rt_div0.o(.text) for __rt_div0
    __rtentry2.o(.ARM.Collect$$rtentry$$00000008) refers to boardinit2.o(.text) for _platform_post_stackheap_init
    __rtentry2.o(.ARM.Collect$$rtentry$$0000000A) refers to libinit.o(.ARM.Collect$$libinit$$00000000) for __rt_lib_init
    __rtentry2.o(.ARM.Collect$$rtentry$$0000000B) refers to boardinit3.o(.text) for _platform_post_lib_init
    __rtentry2.o(.ARM.Collect$$rtentry$$0000000D) refers to main.o(.text.main) for main
    __rtentry2.o(.ARM.Collect$$rtentry$$0000000D) refers to exit.o(.text) for exit
    __rtentry2.o(.ARM.exidx) refers to __rtentry2.o(.ARM.Collect$$rtentry$$00000001) for .ARM.Collect$$rtentry$$00000001
    __rtentry2.o(.ARM.exidx) refers to __rtentry2.o(.ARM.Collect$$rtentry$$00000008) for .ARM.Collect$$rtentry$$00000008
    __rtentry2.o(.ARM.exidx) refers to __rtentry2.o(.ARM.Collect$$rtentry$$0000000A) for .ARM.Collect$$rtentry$$0000000A
    __rtentry2.o(.ARM.exidx) refers to __rtentry2.o(.ARM.Collect$$rtentry$$0000000B) for .ARM.Collect$$rtentry$$0000000B
    __rtentry2.o(.ARM.exidx) refers to __rtentry2.o(.ARM.Collect$$rtentry$$0000000D) for .ARM.Collect$$rtentry$$0000000D
    __rtentry4.o(.ARM.Collect$$rtentry$$00000004) refers to sys_stackheap_outer.o(.text) for __user_setup_stackheap
    __rtentry4.o(.ARM.exidx) refers to __rtentry4.o(.ARM.Collect$$rtentry$$00000004) for .ARM.Collect$$rtentry$$00000004
    rt_div0.o(.text) refers to defsig_fpe_outer.o(.text) for __rt_SIGFPE
    sys_stackheap_outer.o(.text) refers to libspace.o(.text) for __user_perproc_libspace
    sys_stackheap_outer.o(.text) refers to startup_cmsdk_cm0.o(.text) for __user_initial_stackheap
    sys_stackheap_outer.o(__vectab_stack_and_reset_area) refers to tempstk.o(.text) for __temporary_stack_top
    sys_stackheap_outer.o(__vectab_stack_and_reset_area) refers to __main.o(!!!main) for __main
    exit.o(.text) refers to rtexit.o(.ARM.Collect$$rtexit$$00000000) for __rt_exit
    defsig_fpe_outer.o(.text) refers to defsig_fpe_inner.o(.text) for __rt_SIGFPE_inner
    defsig_fpe_outer.o(.text) refers to defsig_exit.o(.text) for __sig_exit
    defsig_fpe_formal.o(.text) refers to rt_raise.o(.text) for __rt_raise
    libinit.o(.ARM.Collect$$libinit$$00000000) refers (Special) to libinit2.o(.ARM.Collect$$libinit$$0000002E) for __rt_lib_init_alloca_1
    libinit.o(.ARM.Collect$$libinit$$00000000) refers (Special) to libinit2.o(.ARM.Collect$$libinit$$0000002C) for __rt_lib_init_argv_1
    libinit.o(.ARM.Collect$$libinit$$00000000) refers (Special) to libinit2.o(.ARM.Collect$$libinit$$0000001B) for __rt_lib_init_atexit_1
    libinit.o(.ARM.Collect$$libinit$$00000000) refers (Special) to libinit2.o(.ARM.Collect$$libinit$$00000021) for __rt_lib_init_clock_1
    libinit.o(.ARM.Collect$$libinit$$00000000) refers (Special) to libinit2.o(.ARM.Collect$$libinit$$00000032) for __rt_lib_init_cpp_1
    libinit.o(.ARM.Collect$$libinit$$00000000) refers (Special) to libinit2.o(.ARM.Collect$$libinit$$00000030) for __rt_lib_init_exceptions_1
    libinit.o(.ARM.Collect$$libinit$$00000000) refers (Special) to libinit2.o(.ARM.Collect$$libinit$$00000002) for __rt_lib_init_fp_1
    libinit.o(.ARM.Collect$$libinit$$00000000) refers (Special) to libinit2.o(.ARM.Collect$$libinit$$0000001F) for __rt_lib_init_fp_trap_1
    libinit.o(.ARM.Collect$$libinit$$00000000) refers (Special) to libinit2.o(.ARM.Collect$$libinit$$00000023) for __rt_lib_init_getenv_1
    libinit.o(.ARM.Collect$$libinit$$00000000) refers (Special) to libinit2.o(.ARM.Collect$$libinit$$0000000A) for __rt_lib_init_heap_1
    libinit.o(.ARM.Collect$$libinit$$00000000) refers (Special) to libinit2.o(.ARM.Collect$$libinit$$00000011) for __rt_lib_init_lc_collate_1
    libinit.o(.ARM.Collect$$libinit$$00000000) refers (Special) to libinit2.o(.ARM.Collect$$libinit$$00000013) for __rt_lib_init_lc_ctype_1
    libinit.o(.ARM.Collect$$libinit$$00000000) refers (Special) to libinit2.o(.ARM.Collect$$libinit$$00000015) for __rt_lib_init_lc_monetary_1
    libinit.o(.ARM.Collect$$libinit$$00000000) refers (Special) to libinit2.o(.ARM.Collect$$libinit$$00000017) for __rt_lib_init_lc_numeric_1
    libinit.o(.ARM.Collect$$libinit$$00000000) refers (Special) to libinit2.o(.ARM.Collect$$libinit$$00000019) for __rt_lib_init_lc_time_1
    libinit.o(.ARM.Collect$$libinit$$00000000) refers (Special) to libinit2.o(.ARM.Collect$$libinit$$00000004) for __rt_lib_init_preinit_1
    libinit.o(.ARM.Collect$$libinit$$00000000) refers (Special) to libinit2.o(.ARM.Collect$$libinit$$0000000E) for __rt_lib_init_rand_1
    libinit.o(.ARM.Collect$$libinit$$00000000) refers (Special) to libinit2.o(.ARM.Collect$$libinit$$00000033) for __rt_lib_init_return
    libinit.o(.ARM.Collect$$libinit$$00000000) refers (Special) to libinit2.o(.ARM.Collect$$libinit$$0000001D) for __rt_lib_init_signal_1
    libinit.o(.ARM.Collect$$libinit$$00000000) refers (Special) to libinit2.o(.ARM.Collect$$libinit$$00000025) for __rt_lib_init_stdio_1
    libinit.o(.ARM.Collect$$libinit$$00000000) refers (Special) to libinit2.o(.ARM.Collect$$libinit$$0000000C) for __rt_lib_init_user_alloc_1
    libspace.o(.text) refers to libspace.o(.bss) for __libspace_start
    rtexit.o(.ARM.Collect$$rtexit$$00000000) refers (Special) to rtexit2.o(.ARM.Collect$$rtexit$$00000004) for __rt_exit_exit
    rtexit.o(.ARM.Collect$$rtexit$$00000000) refers (Special) to rtexit2.o(.ARM.Collect$$rtexit$$00000003) for __rt_exit_ls
    rtexit.o(.ARM.Collect$$rtexit$$00000000) refers (Special) to rtexit2.o(.ARM.Collect$$rtexit$$00000002) for __rt_exit_prels_1
    rtexit.o(.ARM.exidx) refers (Special) to rtexit2.o(.ARM.Collect$$rtexit$$00000004) for __rt_exit_exit
    rtexit.o(.ARM.exidx) refers (Special) to rtexit2.o(.ARM.Collect$$rtexit$$00000003) for __rt_exit_ls
    rtexit.o(.ARM.exidx) refers (Special) to rtexit2.o(.ARM.Collect$$rtexit$$00000002) for __rt_exit_prels_1
    rtexit.o(.ARM.exidx) refers to rtexit.o(.ARM.Collect$$rtexit$$00000000) for .ARM.Collect$$rtexit$$00000000
    rt_raise.o(.text) refers to __raise.o(.text) for __raise
    rt_raise.o(.text) refers to sys_exit.o(.text) for _sys_exit
    defsig_exit.o(.text) refers to sys_exit.o(.text) for _sys_exit
    defsig_fpe_inner.o(.text) refers to defsig_general.o(.text) for __default_signal_display
    libinit2.o(.ARM.Collect$$libinit$$00000010) refers to libinit2.o(.ARM.Collect$$libinit$$0000000F) for .ARM.Collect$$libinit$$0000000F
    libinit2.o(.ARM.Collect$$libinit$$00000012) refers to libinit2.o(.ARM.Collect$$libinit$$0000000F) for .ARM.Collect$$libinit$$0000000F
    libinit2.o(.ARM.Collect$$libinit$$00000014) refers to libinit2.o(.ARM.Collect$$libinit$$0000000F) for .ARM.Collect$$libinit$$0000000F
    libinit2.o(.ARM.Collect$$libinit$$00000016) refers to libinit2.o(.ARM.Collect$$libinit$$0000000F) for .ARM.Collect$$libinit$$0000000F
    libinit2.o(.ARM.Collect$$libinit$$00000018) refers to libinit2.o(.ARM.Collect$$libinit$$0000000F) for .ARM.Collect$$libinit$$0000000F
    libinit2.o(.ARM.Collect$$libinit$$00000026) refers to argv_veneer.o(.text) for __ARM_argv_veneer
    libinit2.o(.ARM.Collect$$libinit$$00000027) refers to argv_veneer.o(.text) for __ARM_argv_veneer
    sys_exit.o(.text) refers (Special) to use_no_semi.o(.text) for __I$use$semihosting
    sys_exit.o(.text) refers (Special) to indicate_semi.o(.text) for __semihosting_library_function
    sys_exit_hlt.o(.text) refers (Special) to use_no_semi.o(.text) for __I$use$semihosting
    sys_exit_hlt.o(.text) refers (Special) to indicate_semi.o(.text) for __semihosting_library_function
    rtexit2.o(.ARM.Collect$$rtexit$$00000003) refers to libshutdown.o(.ARM.Collect$$libshutdown$$00000000) for __rt_lib_shutdown
    rtexit2.o(.ARM.Collect$$rtexit$$00000004) refers to sys_exit.o(.text) for _sys_exit
    rtexit2.o(.ARM.exidx) refers to rtexit2.o(.ARM.Collect$$rtexit$$00000001) for .ARM.Collect$$rtexit$$00000001
    rtexit2.o(.ARM.exidx) refers to rtexit2.o(.ARM.Collect$$rtexit$$00000003) for .ARM.Collect$$rtexit$$00000003
    rtexit2.o(.ARM.exidx) refers to rtexit2.o(.ARM.Collect$$rtexit$$00000004) for .ARM.Collect$$rtexit$$00000004
    __raise.o(.text) refers to defsig.o(CL$$defsig) for __default_signal_handler
    defsig_general.o(.text) refers to sys_wrch.o(.text) for _ttywrch
    sys_wrch.o(.text) refers (Special) to use_no_semi.o(.text) for __I$use$semihosting
    sys_wrch.o(.text) refers (Special) to indicate_semi.o(.text) for __semihosting_library_function
    sys_wrch_hlt.o(.text) refers (Special) to use_no_semi.o(.text) for __I$use$semihosting
    sys_wrch_hlt.o(.text) refers (Special) to indicate_semi.o(.text) for __semihosting_library_function
    defsig.o(CL$$defsig) refers to defsig_fpe_inner.o(.text) for __rt_SIGFPE_inner
    defsig.o(CL$$defsig) refers to defsig_rtmem_inner.o(.text) for __rt_SIGRTMEM_inner
    _get_argv_nomalloc.o(.text) refers (Special) to hrguard.o(.text) for __heap_region$guard
    _get_argv_nomalloc.o(.text) refers to defsig_rtmem_outer.o(.text) for __rt_SIGRTMEM
    _get_argv_nomalloc.o(.text) refers to sys_command.o(.text) for _sys_command_string
    libshutdown.o(.ARM.Collect$$libshutdown$$00000000) refers (Special) to libshutdown2.o(.ARM.Collect$$libshutdown$$00000002) for __rt_lib_shutdown_cpp_1
    libshutdown.o(.ARM.Collect$$libshutdown$$00000000) refers (Special) to libshutdown2.o(.ARM.Collect$$libshutdown$$00000007) for __rt_lib_shutdown_fp_trap_1
    libshutdown.o(.ARM.Collect$$libshutdown$$00000000) refers (Special) to libshutdown2.o(.ARM.Collect$$libshutdown$$0000000F) for __rt_lib_shutdown_heap_1
    libshutdown.o(.ARM.Collect$$libshutdown$$00000000) refers (Special) to libshutdown2.o(.ARM.Collect$$libshutdown$$00000010) for __rt_lib_shutdown_return
    libshutdown.o(.ARM.Collect$$libshutdown$$00000000) refers (Special) to libshutdown2.o(.ARM.Collect$$libshutdown$$0000000A) for __rt_lib_shutdown_signal_1
    libshutdown.o(.ARM.Collect$$libshutdown$$00000000) refers (Special) to libshutdown2.o(.ARM.Collect$$libshutdown$$00000004) for __rt_lib_shutdown_stdio_1
    libshutdown.o(.ARM.Collect$$libshutdown$$00000000) refers (Special) to libshutdown2.o(.ARM.Collect$$libshutdown$$0000000C) for __rt_lib_shutdown_user_alloc_1
    sys_command.o(.text) refers (Special) to use_no_semi.o(.text) for __I$use$semihosting
    sys_command.o(.text) refers (Special) to indicate_semi.o(.text) for __semihosting_library_function
    sys_command_hlt.o(.text) refers (Special) to use_no_semi.o(.text) for __I$use$semihosting
    sys_command_hlt.o(.text) refers (Special) to indicate_semi.o(.text) for __semihosting_library_function
    defsig_abrt_inner.o(.text) refers to defsig_general.o(.text) for __default_signal_display
    defsig_rtred_inner.o(.text) refers to defsig_general.o(.text) for __default_signal_display
    defsig_rtmem_inner.o(.text) refers to defsig_general.o(.text) for __default_signal_display
    defsig_rtmem_outer.o(.text) refers to defsig_rtmem_inner.o(.text) for __rt_SIGRTMEM_inner
    defsig_rtmem_outer.o(.text) refers to defsig_exit.o(.text) for __sig_exit
    defsig_rtmem_formal.o(.text) refers to rt_raise.o(.text) for __rt_raise
    defsig_stak_inner.o(.text) refers to defsig_general.o(.text) for __default_signal_display
    defsig_pvfn_inner.o(.text) refers to defsig_general.o(.text) for __default_signal_display
    defsig_cppl_inner.o(.text) refers to defsig_general.o(.text) for __default_signal_display
    defsig_segv_inner.o(.text) refers to defsig_general.o(.text) for __default_signal_display
    defsig_other.o(.text) refers to defsig_general.o(.text) for __default_signal_display


==============================================================================

Removing Unused input sections from the image.

    Removing auxiliary.o(.text), (0 bytes).
    Removing auxiliary.o(.ARM.exidx.text.int_to_str), (8 bytes).
    Removing channelselection_control.o(.text), (0 bytes).
    Removing channelselection_control.o(.ARM.exidx.text.ChannelSelection_control), (8 bytes).
    Removing code_def.o(.text), (0 bytes).
    Removing code_def.o(.ARM.exidx.text.Delay), (8 bytes).
    Removing code_def.o(.ARM.exidx.text.ReadUARTState), (8 bytes).
    Removing code_def.o(.ARM.exidx.text.ReadUART), (8 bytes).
    Removing code_def.o(.ARM.exidx.text.WriteUART), (8 bytes).
    Removing code_def.o(.ARM.exidx.text.UARTString), (8 bytes).
    Removing code_def.o(.ARM.exidx.text.UARTHandle), (8 bytes).
    Removing code_def.o(.ARM.exidx.text.SPI_RFD), (8 bytes).
    Removing code_def.o(.ARM.exidx.text.Start_FM_command), (8 bytes).
    Removing code_def.o(.ARM.exidx.text.Stop_FM_command), (8 bytes).
    Removing code_def.o(.ARM.exidx.text.IQ_Dump_command), (8 bytes).
    Removing code_def.o(.ARM.exidx.text.UARTFM_IQ_Dump_Done_Handler), (8 bytes).
    Removing code_def.o(.ARM.exidx.text.Demodulated_Data_Dump_command), (8 bytes).
    Removing code_def.o(.ARM.exidx.text.UARTFM_Demodulated_Data_Dump_Done_Handler), (8 bytes).
    Removing code_def.o(.ARM.exidx.text.Channel_control), (8 bytes).
    Removing main.o(.text), (0 bytes).
    Removing main.o(.ARM.exidx.text.main), (8 bytes).
    Removing main.o(.ARM.use_no_argv), (4 bytes).

22 unused section(s) (total 140 bytes) removed from the image.

==============================================================================

Image Symbol Table

    Local Symbols

    Symbol Name                              Value     Ov Type        Size  Object(Section)

    ../clib/angel/boardlib.s                 0x00000000   Number         0  boardinit1.o ABSOLUTE
    ../clib/angel/boardlib.s                 0x00000000   Number         0  boardinit2.o ABSOLUTE
    ../clib/angel/boardlib.s                 0x00000000   Number         0  boardinit3.o ABSOLUTE
    ../clib/angel/boardlib.s                 0x00000000   Number         0  boardshut.o ABSOLUTE
    ../clib/angel/handlers.s                 0x00000000   Number         0  __scatter_copy.o ABSOLUTE
    ../clib/angel/handlers.s                 0x00000000   Number         0  __scatter_zi.o ABSOLUTE
    ../clib/angel/kernel.s                   0x00000000   Number         0  __rtentry.o ABSOLUTE
    ../clib/angel/kernel.s                   0x00000000   Number         0  __rtentry2.o ABSOLUTE
    ../clib/angel/kernel.s                   0x00000000   Number         0  __rtentry4.o ABSOLUTE
    ../clib/angel/kernel.s                   0x00000000   Number         0  rtexit.o ABSOLUTE
    ../clib/angel/kernel.s                   0x00000000   Number         0  rtexit2.o ABSOLUTE
    ../clib/angel/rt.s                       0x00000000   Number         0  aeabi_idiv0.o ABSOLUTE
    ../clib/angel/rt.s                       0x00000000   Number         0  aeabi_idiv0_sigfpe.o ABSOLUTE
    ../clib/angel/rt.s                       0x00000000   Number         0  rt_div0.o ABSOLUTE
    ../clib/angel/rt.s                       0x00000000   Number         0  rt_raise.o ABSOLUTE
    ../clib/angel/scatterp.s                 0x00000000   Number         0  __scatter.o ABSOLUTE
    ../clib/angel/startup.s                  0x00000000   Number         0  __main.o ABSOLUTE
    ../clib/angel/sys.s                      0x00000000   Number         0  sys_stackheap_outer.o ABSOLUTE
    ../clib/angel/sys.s                      0x00000000   Number         0  libspace.o ABSOLUTE
    ../clib/angel/sys.s                      0x00000000   Number         0  tempstk.o ABSOLUTE
    ../clib/angel/sys.s                      0x00000000   Number         0  use_no_semi.o ABSOLUTE
    ../clib/angel/sys.s                      0x00000000   Number         0  indicate_semi.o ABSOLUTE
    ../clib/angel/sysapp.c                   0x00000000   Number         0  sys_exit.o ABSOLUTE
    ../clib/angel/sysapp.c                   0x00000000   Number         0  sys_exit_hlt.o ABSOLUTE
    ../clib/angel/sysapp.c                   0x00000000   Number         0  sys_wrch.o ABSOLUTE
    ../clib/angel/sysapp.c                   0x00000000   Number         0  sys_wrch_hlt.o ABSOLUTE
    ../clib/angel/sysapp.c                   0x00000000   Number         0  sys_command.o ABSOLUTE
    ../clib/angel/sysapp.c                   0x00000000   Number         0  sys_command_hlt.o ABSOLUTE
    ../clib/armsys.c                         0x00000000   Number         0  argv_veneer.o ABSOLUTE
    ../clib/armsys.c                         0x00000000   Number         0  _get_argv_nomalloc.o ABSOLUTE
    ../clib/armsys.c                         0x00000000   Number         0  no_argv.o ABSOLUTE
    ../clib/division.s                       0x00000000   Number         0  aeabi_sdivfast.o ABSOLUTE
    ../clib/division.s                       0x00000000   Number         0  aeabi_sdivfast_div0.o ABSOLUTE
    ../clib/heapalloc.c                      0x00000000   Number         0  hrguard.o ABSOLUTE
    ../clib/heapaux.c                        0x00000000   Number         0  heapauxi.o ABSOLUTE
    ../clib/libinit.s                        0x00000000   Number         0  libinit.o ABSOLUTE
    ../clib/libinit.s                        0x00000000   Number         0  libinit2.o ABSOLUTE
    ../clib/libinit.s                        0x00000000   Number         0  libshutdown.o ABSOLUTE
    ../clib/libinit.s                        0x00000000   Number         0  libshutdown2.o ABSOLUTE
    ../clib/signal.c                         0x00000000   Number         0  defsig_fpe_outer.o ABSOLUTE
    ../clib/signal.c                         0x00000000   Number         0  defsig_fpe_formal.o ABSOLUTE
    ../clib/signal.c                         0x00000000   Number         0  defsig_exit.o ABSOLUTE
    ../clib/signal.c                         0x00000000   Number         0  defsig_fpe_inner.o ABSOLUTE
    ../clib/signal.c                         0x00000000   Number         0  __raise.o ABSOLUTE
    ../clib/signal.c                         0x00000000   Number         0  defsig_general.o ABSOLUTE
    ../clib/signal.c                         0x00000000   Number         0  defsig_abrt_inner.o ABSOLUTE
    ../clib/signal.c                         0x00000000   Number         0  defsig_rtred_inner.o ABSOLUTE
    ../clib/signal.c                         0x00000000   Number         0  defsig_rtmem_inner.o ABSOLUTE
    ../clib/signal.c                         0x00000000   Number         0  defsig_rtmem_outer.o ABSOLUTE
    ../clib/signal.c                         0x00000000   Number         0  defsig_rtmem_formal.o ABSOLUTE
    ../clib/signal.c                         0x00000000   Number         0  defsig_stak_inner.o ABSOLUTE
    ../clib/signal.c                         0x00000000   Number         0  defsig_pvfn_inner.o ABSOLUTE
    ../clib/signal.c                         0x00000000   Number         0  defsig_cppl_inner.o ABSOLUTE
    ../clib/signal.c                         0x00000000   Number         0  defsig_segv_inner.o ABSOLUTE
    ../clib/signal.c                         0x00000000   Number         0  defsig_other.o ABSOLUTE
    ../clib/signal.s                         0x00000000   Number         0  defsig.o ABSOLUTE
    ../clib/stdlib.c                         0x00000000   Number         0  exit.o ABSOLUTE
    ../clib/string.c                         0x00000000   Number         0  strlen.o ABSOLUTE
    ../fplib/cfplib/ffix.c                   0x00000000   Number         0  ffixui.o ABSOLUTE
    ../fplib/cfplib/fpinit.c                 0x00000000   Number         0  fpinit.o ABSOLUTE
    ../fplib/fmul6m.s                        0x00000000   Number         0  fmul.o ABSOLUTE
    ../fplib/usenofp.s                       0x00000000   Number         0  usenofp.o ABSOLUTE
    ../src/startup_CMSDK_CM0.s               0x00000000   Number         0  startup_cmsdk_cm0.o ABSOLUTE
    auxiliary.c                              0x00000000   Number         0  auxiliary.o ABSOLUTE
    channelSelection_control.c               0x00000000   Number         0  channelselection_control.o ABSOLUTE
    code_def.c                               0x00000000   Number         0  code_def.o ABSOLUTE
    dc.s                                     0x00000000   Number         0  dc.o ABSOLUTE
    main.c                                   0x00000000   Number         0  main.o ABSOLUTE
    RESET                                    0x00000000   Section       76  startup_cmsdk_cm0.o(RESET)
    !!!main                                  0x0000004c   Section        8  __main.o(!!!main)
    !!!scatter                               0x00000054   Section       60  __scatter.o(!!!scatter)
    !!handler_copy                           0x00000090   Section       26  __scatter_copy.o(!!handler_copy)
    !!handler_zi                             0x000000ac   Section       28  __scatter_zi.o(!!handler_zi)
    .ARM.Collect$$libinit$$00000000          0x000000c8   Section        2  libinit.o(.ARM.Collect$$libinit$$00000000)
    .ARM.Collect$$libinit$$00000002          0x000000ca   Section        0  libinit2.o(.ARM.Collect$$libinit$$00000002)
    .ARM.Collect$$libinit$$00000004          0x000000ca   Section        0  libinit2.o(.ARM.Collect$$libinit$$00000004)
    .ARM.Collect$$libinit$$0000000A          0x000000ca   Section        0  libinit2.o(.ARM.Collect$$libinit$$0000000A)
    .ARM.Collect$$libinit$$0000000C          0x000000ca   Section        0  libinit2.o(.ARM.Collect$$libinit$$0000000C)
    .ARM.Collect$$libinit$$0000000E          0x000000ca   Section        0  libinit2.o(.ARM.Collect$$libinit$$0000000E)
    .ARM.Collect$$libinit$$00000011          0x000000ca   Section        0  libinit2.o(.ARM.Collect$$libinit$$00000011)
    .ARM.Collect$$libinit$$00000013          0x000000ca   Section        0  libinit2.o(.ARM.Collect$$libinit$$00000013)
    .ARM.Collect$$libinit$$00000015          0x000000ca   Section        0  libinit2.o(.ARM.Collect$$libinit$$00000015)
    .ARM.Collect$$libinit$$00000017          0x000000ca   Section        0  libinit2.o(.ARM.Collect$$libinit$$00000017)
    .ARM.Collect$$libinit$$00000019          0x000000ca   Section        0  libinit2.o(.ARM.Collect$$libinit$$00000019)
    .ARM.Collect$$libinit$$0000001B          0x000000ca   Section        0  libinit2.o(.ARM.Collect$$libinit$$0000001B)
    .ARM.Collect$$libinit$$0000001D          0x000000ca   Section        0  libinit2.o(.ARM.Collect$$libinit$$0000001D)
    .ARM.Collect$$libinit$$0000001F          0x000000ca   Section        0  libinit2.o(.ARM.Collect$$libinit$$0000001F)
    .ARM.Collect$$libinit$$00000021          0x000000ca   Section        0  libinit2.o(.ARM.Collect$$libinit$$00000021)
    .ARM.Collect$$libinit$$00000023          0x000000ca   Section        0  libinit2.o(.ARM.Collect$$libinit$$00000023)
    .ARM.Collect$$libinit$$00000025          0x000000ca   Section        0  libinit2.o(.ARM.Collect$$libinit$$00000025)
    .ARM.Collect$$libinit$$0000002C          0x000000ca   Section        0  libinit2.o(.ARM.Collect$$libinit$$0000002C)
    .ARM.Collect$$libinit$$0000002E          0x000000ca   Section        0  libinit2.o(.ARM.Collect$$libinit$$0000002E)
    .ARM.Collect$$libinit$$00000030          0x000000ca   Section        0  libinit2.o(.ARM.Collect$$libinit$$00000030)
    .ARM.Collect$$libinit$$00000032          0x000000ca   Section        0  libinit2.o(.ARM.Collect$$libinit$$00000032)
    .ARM.Collect$$libinit$$00000033          0x000000ca   Section        2  libinit2.o(.ARM.Collect$$libinit$$00000033)
    .ARM.Collect$$libshutdown$$00000000      0x000000cc   Section        2  libshutdown.o(.ARM.Collect$$libshutdown$$00000000)
    .ARM.Collect$$libshutdown$$00000002      0x000000ce   Section        0  libshutdown2.o(.ARM.Collect$$libshutdown$$00000002)
    .ARM.Collect$$libshutdown$$00000004      0x000000ce   Section        0  libshutdown2.o(.ARM.Collect$$libshutdown$$00000004)
    .ARM.Collect$$libshutdown$$00000007      0x000000ce   Section        0  libshutdown2.o(.ARM.Collect$$libshutdown$$00000007)
    .ARM.Collect$$libshutdown$$0000000A      0x000000ce   Section        0  libshutdown2.o(.ARM.Collect$$libshutdown$$0000000A)
    .ARM.Collect$$libshutdown$$0000000C      0x000000ce   Section        0  libshutdown2.o(.ARM.Collect$$libshutdown$$0000000C)
    .ARM.Collect$$libshutdown$$0000000F      0x000000ce   Section        0  libshutdown2.o(.ARM.Collect$$libshutdown$$0000000F)
    .ARM.Collect$$libshutdown$$00000010      0x000000ce   Section        2  libshutdown2.o(.ARM.Collect$$libshutdown$$00000010)
    .ARM.Collect$$rtentry$$00000000          0x000000d0   Section        0  __rtentry.o(.ARM.Collect$$rtentry$$00000000)
    .ARM.Collect$$rtentry$$00000002          0x000000d0   Section        0  __rtentry2.o(.ARM.Collect$$rtentry$$00000002)
    .ARM.Collect$$rtentry$$00000004          0x000000d0   Section        6  __rtentry4.o(.ARM.Collect$$rtentry$$00000004)
    .ARM.Collect$$rtentry$$00000009          0x000000d6   Section        0  __rtentry2.o(.ARM.Collect$$rtentry$$00000009)
    .ARM.Collect$$rtentry$$0000000A          0x000000d6   Section        4  __rtentry2.o(.ARM.Collect$$rtentry$$0000000A)
    .ARM.Collect$$rtentry$$0000000C          0x000000da   Section        0  __rtentry2.o(.ARM.Collect$$rtentry$$0000000C)
    .ARM.Collect$$rtentry$$0000000D          0x000000da   Section        8  __rtentry2.o(.ARM.Collect$$rtentry$$0000000D)
    .ARM.Collect$$rtexit$$00000000           0x000000e2   Section        2  rtexit.o(.ARM.Collect$$rtexit$$00000000)
    .ARM.Collect$$rtexit$$00000002           0x000000e4   Section        0  rtexit2.o(.ARM.Collect$$rtexit$$00000002)
    .ARM.Collect$$rtexit$$00000003           0x000000e4   Section        4  rtexit2.o(.ARM.Collect$$rtexit$$00000003)
    .ARM.Collect$$rtexit$$00000004           0x000000e8   Section        6  rtexit2.o(.ARM.Collect$$rtexit$$00000004)
    .text                                    0x000000f0   Section       68  startup_cmsdk_cm0.o(.text)
    .text                                    0x00000134   Section        0  strlen.o(.text)
    .text                                    0x00000178   Section      504  aeabi_sdivfast.o(.text)
    .text                                    0x00000370   Section        0  heapauxi.o(.text)
    .text                                    0x00000376   Section        0  ffixui.o(.text)
    .text                                    0x000003a6   Section       62  sys_stackheap_outer.o(.text)
    .text                                    0x000003e4   Section        0  exit.o(.text)
    .text                                    0x000003f4   Section        8  libspace.o(.text)
    .text                                    0x000003fc   Section        0  sys_exit.o(.text)
    .text                                    0x00000408   Section        2  use_no_semi.o(.text)
    .text                                    0x0000040a   Section        0  indicate_semi.o(.text)
    [Anonymous Symbol]                       0x0000040c   Section        0  channelselection_control.o(.text.ChannelSelection_control)
    __arm_cp.0_115                           0x00000554   Number         4  channelselection_control.o(.text.ChannelSelection_control)
    __arm_cp.0_117                           0x0000055c   Number         4  channelselection_control.o(.text.ChannelSelection_control)
    __arm_cp.0_119                           0x00000938   Number         4  channelselection_control.o(.text.ChannelSelection_control)
    __arm_cp.0_120                           0x0000093c   Number         4  channelselection_control.o(.text.ChannelSelection_control)
    __arm_cp.0_196                           0x00000940   Number         4  channelselection_control.o(.text.ChannelSelection_control)
    __arm_cp.0_200                           0x00000950   Number         4  channelselection_control.o(.text.ChannelSelection_control)
    __arm_cp.0_208                           0x00000970   Number         4  channelselection_control.o(.text.ChannelSelection_control)
    __arm_cp.0_209                           0x00000974   Number         4  channelselection_control.o(.text.ChannelSelection_control)
    __arm_cp.0_210                           0x00000978   Number         4  channelselection_control.o(.text.ChannelSelection_control)
    __arm_cp.0_131                           0x000009e8   Number         4  channelselection_control.o(.text.ChannelSelection_control)
    __arm_cp.0_136                           0x000009f0   Number         4  channelselection_control.o(.text.ChannelSelection_control)
    __arm_cp.0_137                           0x000009f4   Number         4  channelselection_control.o(.text.ChannelSelection_control)
    __arm_cp.0_138                           0x000009f8   Number         4  channelselection_control.o(.text.ChannelSelection_control)
    __arm_cp.0_139                           0x000009fc   Number         4  channelselection_control.o(.text.ChannelSelection_control)
    __arm_cp.0_140                           0x00000a00   Number         4  channelselection_control.o(.text.ChannelSelection_control)
    __arm_cp.0_141                           0x00000a04   Number         4  channelselection_control.o(.text.ChannelSelection_control)
    __arm_cp.0_142                           0x00000a08   Number         4  channelselection_control.o(.text.ChannelSelection_control)
    __arm_cp.0_143                           0x00000a0c   Number         4  channelselection_control.o(.text.ChannelSelection_control)
    __arm_cp.0_144                           0x00000a10   Number         4  channelselection_control.o(.text.ChannelSelection_control)
    __arm_cp.0_145                           0x00000a14   Number         4  channelselection_control.o(.text.ChannelSelection_control)
    __arm_cp.0_146                           0x00000a18   Number         4  channelselection_control.o(.text.ChannelSelection_control)
    __arm_cp.0_147                           0x00000a1c   Number         4  channelselection_control.o(.text.ChannelSelection_control)
    __arm_cp.0_148                           0x00000a20   Number         4  channelselection_control.o(.text.ChannelSelection_control)
    __arm_cp.0_149                           0x00000a24   Number         4  channelselection_control.o(.text.ChannelSelection_control)
    __arm_cp.0_150                           0x00000a28   Number         4  channelselection_control.o(.text.ChannelSelection_control)
    __arm_cp.0_152                           0x00000a30   Number         4  channelselection_control.o(.text.ChannelSelection_control)
    __arm_cp.0_153                           0x00000a34   Number         4  channelselection_control.o(.text.ChannelSelection_control)
    __arm_cp.0_154                           0x00000a38   Number         4  channelselection_control.o(.text.ChannelSelection_control)
    __arm_cp.0_156                           0x00000a40   Number         4  channelselection_control.o(.text.ChannelSelection_control)
    __arm_cp.0_157                           0x00000a44   Number         4  channelselection_control.o(.text.ChannelSelection_control)
    __arm_cp.0_158                           0x00000a48   Number         4  channelselection_control.o(.text.ChannelSelection_control)
    __arm_cp.0_159                           0x00000a4c   Number         4  channelselection_control.o(.text.ChannelSelection_control)
    __arm_cp.0_160                           0x00000a50   Number         4  channelselection_control.o(.text.ChannelSelection_control)
    __arm_cp.0_161                           0x00000a54   Number         4  channelselection_control.o(.text.ChannelSelection_control)
    __arm_cp.0_163                           0x00000a5c   Number         4  channelselection_control.o(.text.ChannelSelection_control)
    __arm_cp.0_164                           0x00000a60   Number         4  channelselection_control.o(.text.ChannelSelection_control)
    __arm_cp.0_165                           0x00000a64   Number         4  channelselection_control.o(.text.ChannelSelection_control)
    __arm_cp.0_166                           0x00000a68   Number         4  channelselection_control.o(.text.ChannelSelection_control)
    __arm_cp.0_167                           0x00000a6c   Number         4  channelselection_control.o(.text.ChannelSelection_control)
    __arm_cp.0_168                           0x00000a70   Number         4  channelselection_control.o(.text.ChannelSelection_control)
    __arm_cp.0_169                           0x00000a74   Number         4  channelselection_control.o(.text.ChannelSelection_control)
    __arm_cp.0_170                           0x00000a78   Number         4  channelselection_control.o(.text.ChannelSelection_control)
    __arm_cp.0_171                           0x00000a7c   Number         4  channelselection_control.o(.text.ChannelSelection_control)
    __arm_cp.0_173                           0x00000a98   Number         4  channelselection_control.o(.text.ChannelSelection_control)
    __arm_cp.0_175                           0x00000aa0   Number         4  channelselection_control.o(.text.ChannelSelection_control)
    __arm_cp.0_179                           0x00000ec4   Number         4  channelselection_control.o(.text.ChannelSelection_control)
    __arm_cp.0_186                           0x00000ee4   Number         4  channelselection_control.o(.text.ChannelSelection_control)
    __arm_cp.0_188                           0x00000f00   Number         4  channelselection_control.o(.text.ChannelSelection_control)
    __arm_cp.0_189                           0x00000f04   Number         4  channelselection_control.o(.text.ChannelSelection_control)
    __arm_cp.0_191                           0x00000f20   Number         4  channelselection_control.o(.text.ChannelSelection_control)
    __arm_cp.0_193                           0x00000f28   Number         4  channelselection_control.o(.text.ChannelSelection_control)
    __arm_cp.0_194                           0x00000f2c   Number         4  channelselection_control.o(.text.ChannelSelection_control)
    __arm_cp.0_195                           0x00000f30   Number         4  channelselection_control.o(.text.ChannelSelection_control)
    __arm_cp.0_1                             0x00000f4c   Number         4  channelselection_control.o(.text.ChannelSelection_control)
    __arm_cp.0_2                             0x00000f50   Number         4  channelselection_control.o(.text.ChannelSelection_control)
    __arm_cp.0_3                             0x00000f54   Number         4  channelselection_control.o(.text.ChannelSelection_control)
    __arm_cp.0_4                             0x00000f58   Number         4  channelselection_control.o(.text.ChannelSelection_control)
    __arm_cp.0_5                             0x00000f5c   Number         4  channelselection_control.o(.text.ChannelSelection_control)
    __arm_cp.0_6                             0x00000f60   Number         4  channelselection_control.o(.text.ChannelSelection_control)
    __arm_cp.0_7                             0x00000f64   Number         4  channelselection_control.o(.text.ChannelSelection_control)
    __arm_cp.0_8                             0x00000f68   Number         4  channelselection_control.o(.text.ChannelSelection_control)
    __arm_cp.0_9                             0x00000f6c   Number         4  channelselection_control.o(.text.ChannelSelection_control)
    __arm_cp.0_10                            0x00000f70   Number         4  channelselection_control.o(.text.ChannelSelection_control)
    __arm_cp.0_13                            0x00000f8c   Number         4  channelselection_control.o(.text.ChannelSelection_control)
    __arm_cp.0_29                            0x00000fa8   Number         4  channelselection_control.o(.text.ChannelSelection_control)
    __arm_cp.0_30                            0x00000fac   Number         4  channelselection_control.o(.text.ChannelSelection_control)
    __arm_cp.0_31                            0x00000fb0   Number         4  channelselection_control.o(.text.ChannelSelection_control)
    __arm_cp.0_32                            0x00000fb4   Number         4  channelselection_control.o(.text.ChannelSelection_control)
    __arm_cp.0_33                            0x00000fb8   Number         4  channelselection_control.o(.text.ChannelSelection_control)
    __arm_cp.0_34                            0x00000fbc   Number         4  channelselection_control.o(.text.ChannelSelection_control)
    __arm_cp.0_35                            0x00000fc0   Number         4  channelselection_control.o(.text.ChannelSelection_control)
    __arm_cp.0_36                            0x00000fc4   Number         4  channelselection_control.o(.text.ChannelSelection_control)
    __arm_cp.0_37                            0x00000fc8   Number         4  channelselection_control.o(.text.ChannelSelection_control)
    __arm_cp.0_38                            0x00000fcc   Number         4  channelselection_control.o(.text.ChannelSelection_control)
    __arm_cp.0_39                            0x00000fd0   Number         4  channelselection_control.o(.text.ChannelSelection_control)
    __arm_cp.0_40                            0x00000fd4   Number         4  channelselection_control.o(.text.ChannelSelection_control)
    __arm_cp.0_41                            0x00000fd8   Number         4  channelselection_control.o(.text.ChannelSelection_control)
    __arm_cp.0_42                            0x00000fdc   Number         4  channelselection_control.o(.text.ChannelSelection_control)
    __arm_cp.0_43                            0x00000fe0   Number         4  channelselection_control.o(.text.ChannelSelection_control)
    __arm_cp.0_44                            0x00000fe4   Number         4  channelselection_control.o(.text.ChannelSelection_control)
    __arm_cp.0_45                            0x00000fe8   Number         4  channelselection_control.o(.text.ChannelSelection_control)
    __arm_cp.0_46                            0x00000fec   Number         4  channelselection_control.o(.text.ChannelSelection_control)
    __arm_cp.0_69                            0x00000ff0   Number         4  channelselection_control.o(.text.ChannelSelection_control)
    __arm_cp.0_71                            0x00000ff4   Number         4  channelselection_control.o(.text.ChannelSelection_control)
    __arm_cp.0_77                            0x00000ff8   Number         4  channelselection_control.o(.text.ChannelSelection_control)
    __arm_cp.0_78                            0x00000ffc   Number         4  channelselection_control.o(.text.ChannelSelection_control)
    __arm_cp.0_79                            0x00001000   Number         4  channelselection_control.o(.text.ChannelSelection_control)
    __arm_cp.0_80                            0x00001004   Number         4  channelselection_control.o(.text.ChannelSelection_control)
    __arm_cp.0_81                            0x00001008   Number         4  channelselection_control.o(.text.ChannelSelection_control)
    __arm_cp.0_82                            0x0000100c   Number         4  channelselection_control.o(.text.ChannelSelection_control)
    __arm_cp.0_83                            0x00001010   Number         4  channelselection_control.o(.text.ChannelSelection_control)
    __arm_cp.0_84                            0x00001014   Number         4  channelselection_control.o(.text.ChannelSelection_control)
    __arm_cp.0_85                            0x00001018   Number         4  channelselection_control.o(.text.ChannelSelection_control)
    __arm_cp.0_86                            0x0000101c   Number         4  channelselection_control.o(.text.ChannelSelection_control)
    __arm_cp.0_90                            0x00001020   Number         4  channelselection_control.o(.text.ChannelSelection_control)
    __arm_cp.0_91                            0x00001024   Number         4  channelselection_control.o(.text.ChannelSelection_control)
    __arm_cp.0_92                            0x00001028   Number         4  channelselection_control.o(.text.ChannelSelection_control)
    __arm_cp.0_93                            0x0000102c   Number         4  channelselection_control.o(.text.ChannelSelection_control)
    __arm_cp.0_94                            0x00001030   Number         4  channelselection_control.o(.text.ChannelSelection_control)
    __arm_cp.0_95                            0x00001034   Number         4  channelselection_control.o(.text.ChannelSelection_control)
    __arm_cp.0_97                            0x00001038   Number         4  channelselection_control.o(.text.ChannelSelection_control)
    [Anonymous Symbol]                       0x0000103c   Section        0  code_def.o(.text.Channel_control)
    __arm_cp.13_0                            0x00001098   Number         4  code_def.o(.text.Channel_control)
    __arm_cp.13_1                            0x0000109c   Number         4  code_def.o(.text.Channel_control)
    [Anonymous Symbol]                       0x000010a0   Section        0  code_def.o(.text.Delay)
    [Anonymous Symbol]                       0x000010a4   Section        0  code_def.o(.text.Demodulated_Data_Dump_command)
    [Anonymous Symbol]                       0x000010ac   Section        0  code_def.o(.text.IQ_Dump_command)
    [Anonymous Symbol]                       0x000010b4   Section        0  code_def.o(.text.ReadUART)
    __arm_cp.2_0                             0x000010bc   Number         4  code_def.o(.text.ReadUART)
    [Anonymous Symbol]                       0x000010c0   Section        0  code_def.o(.text.ReadUARTState)
    __arm_cp.1_0                             0x000010c8   Number         4  code_def.o(.text.ReadUARTState)
    [Anonymous Symbol]                       0x000010cc   Section        0  code_def.o(.text.SPI_RFD)
    __arm_cp.6_0                             0x000010dc   Number         4  code_def.o(.text.SPI_RFD)
    [Anonymous Symbol]                       0x000010e0   Section        0  code_def.o(.text.Start_FM_command)
    [Anonymous Symbol]                       0x000010e8   Section        0  code_def.o(.text.Stop_FM_command)
    [Anonymous Symbol]                       0x000010f0   Section        0  code_def.o(.text.UARTFM_Demodulated_Data_Dump_Done_Handler)
    [Anonymous Symbol]                       0x00001144   Section        0  code_def.o(.text.UARTFM_IQ_Dump_Done_Handler)
    __arm_cp.10_0                            0x00001180   Number         4  code_def.o(.text.UARTFM_IQ_Dump_Done_Handler)
    __arm_cp.10_2                            0x0000119c   Number         4  code_def.o(.text.UARTFM_IQ_Dump_Done_Handler)
    __arm_cp.10_3                            0x000011a0   Number         4  code_def.o(.text.UARTFM_IQ_Dump_Done_Handler)
    __arm_cp.10_4                            0x000011a4   Number         4  code_def.o(.text.UARTFM_IQ_Dump_Done_Handler)
    [Anonymous Symbol]                       0x000011a8   Section        0  code_def.o(.text.UARTHandle)
    [Anonymous Symbol]                       0x000011b4   Section        0  code_def.o(.text.UARTString)
    [Anonymous Symbol]                       0x000011d4   Section        0  code_def.o(.text.WriteUART)
    __arm_cp.3_0                             0x000011e8   Number         4  code_def.o(.text.WriteUART)
    [Anonymous Symbol]                       0x000011ec   Section        0  auxiliary.o(.text.int_to_str)
    __arm_cp.0_0                             0x00001280   Number         4  auxiliary.o(.text.int_to_str)
    __arm_cp.0_1                             0x00001284   Number         4  auxiliary.o(.text.int_to_str)
    [Anonymous Symbol]                       0x00001288   Section        0  main.o(.text.main)
    __arm_cp.0_0                             0x00001298   Number         4  main.o(.text.main)
    __arm_cp.0_1                             0x0000129c   Number         4  main.o(.text.main)
    .text_divfast                            0x000012a0   Section      502  aeabi_sdivfast.o(.text_divfast)
    x$fpl$fmul                               0x00001498   Section      176  fmul.o(x$fpl$fmul)
    [Anonymous Symbol]                       0x00001548   Section        0  channelselection_control.o(.rodata.str1.1)
    x$fpl$usenofp                            0x00001548   Section        0  usenofp.o(x$fpl$usenofp)
    [Anonymous Symbol]                       0x00001953   Section        0  code_def.o(.rodata.str1.1)
    .bss                                     0x20000020   Section       96  libspace.o(.bss)
    int_to_str.str                           0x20000098   Data          12  auxiliary.o(.bss.int_to_str.str)
    [Anonymous Symbol]                       0x20000098   Section        0  auxiliary.o(.bss.int_to_str.str)
    Heap_Mem                                 0x200000b0   Data        1024  startup_cmsdk_cm0.o(HEAP)
    HEAP                                     0x200000b0   Section     1024  startup_cmsdk_cm0.o(HEAP)
    Stack_Mem                                0x200004b0   Data        1024  startup_cmsdk_cm0.o(STACK)
    STACK                                    0x200004b0   Section     1024  startup_cmsdk_cm0.o(STACK)
    __initial_sp                             0x200008b0   Data           0  startup_cmsdk_cm0.o(STACK)

    Global Symbols

    Symbol Name                              Value     Ov Type        Size  Object(Section)

    BuildAttributes$$THM_ISAv3M$S$PE$A:L22$X:L11$S22$IEEE1$IW$~IW$USESV6$~STKCKD$USESV7$~SHL$OTIME$ROPI$EBA8$UX$STANDARDLIB$REQ8$PRES8$EABIv2 0x00000000   Number         0  anon$$obj.o ABSOLUTE
    __Vectors                                0x00000000   Data           4  startup_cmsdk_cm0.o(RESET)
    __ARM_exceptions_init                     - Undefined Weak Reference
    __alloca_initialize                       - Undefined Weak Reference
    __arm_preinit_                            - Undefined Weak Reference
    __cpp_initialize__aeabi_                  - Undefined Weak Reference
    __cxa_finalize                            - Undefined Weak Reference
    __rt_locale                               - Undefined Weak Reference
    __sigvec_lookup                           - Undefined Weak Reference
    _atexit_init                              - Undefined Weak Reference
    _call_atexit_fns                          - Undefined Weak Reference
    _clock_init                               - Undefined Weak Reference
    _fp_trap_init                             - Undefined Weak Reference
    _fp_trap_shutdown                         - Undefined Weak Reference
    _get_lc_collate                           - Undefined Weak Reference
    _get_lc_ctype                             - Undefined Weak Reference
    _get_lc_monetary                          - Undefined Weak Reference
    _get_lc_numeric                           - Undefined Weak Reference
    _get_lc_time                              - Undefined Weak Reference
    _getenv_init                              - Undefined Weak Reference
    _handle_redirection                       - Undefined Weak Reference
    _init_alloc                               - Undefined Weak Reference
    _init_user_alloc                          - Undefined Weak Reference
    _initio                                   - Undefined Weak Reference
    _rand_init                                - Undefined Weak Reference
    _signal_finish                            - Undefined Weak Reference
    _signal_init                              - Undefined Weak Reference
    _terminate_alloc                          - Undefined Weak Reference
    _terminate_user_alloc                     - Undefined Weak Reference
    _terminateio                              - Undefined Weak Reference
    __main                                   0x0000004d   Thumb Code     8  __main.o(!!!main)
    __scatterload                            0x00000055   Thumb Code     0  __scatter.o(!!!scatter)
    __scatterload_rt2                        0x00000055   Thumb Code    52  __scatter.o(!!!scatter)
    __scatterload_rt2_thumb_only             0x00000055   Thumb Code     0  __scatter.o(!!!scatter)
    __scatterload_null                       0x00000065   Thumb Code     0  __scatter.o(!!!scatter)
    __scatterload_copy                       0x00000091   Thumb Code    26  __scatter_copy.o(!!handler_copy)
    __scatterload_zeroinit                   0x000000ad   Thumb Code    28  __scatter_zi.o(!!handler_zi)
    __rt_lib_init                            0x000000c9   Thumb Code     0  libinit.o(.ARM.Collect$$libinit$$00000000)
    __rt_lib_init_alloca_1                   0x000000cb   Thumb Code     0  libinit2.o(.ARM.Collect$$libinit$$0000002E)
    __rt_lib_init_argv_1                     0x000000cb   Thumb Code     0  libinit2.o(.ARM.Collect$$libinit$$0000002C)
    __rt_lib_init_atexit_1                   0x000000cb   Thumb Code     0  libinit2.o(.ARM.Collect$$libinit$$0000001B)
    __rt_lib_init_clock_1                    0x000000cb   Thumb Code     0  libinit2.o(.ARM.Collect$$libinit$$00000021)
    __rt_lib_init_cpp_1                      0x000000cb   Thumb Code     0  libinit2.o(.ARM.Collect$$libinit$$00000032)
    __rt_lib_init_exceptions_1               0x000000cb   Thumb Code     0  libinit2.o(.ARM.Collect$$libinit$$00000030)
    __rt_lib_init_fp_1                       0x000000cb   Thumb Code     0  libinit2.o(.ARM.Collect$$libinit$$00000002)
    __rt_lib_init_fp_trap_1                  0x000000cb   Thumb Code     0  libinit2.o(.ARM.Collect$$libinit$$0000001F)
    __rt_lib_init_getenv_1                   0x000000cb   Thumb Code     0  libinit2.o(.ARM.Collect$$libinit$$00000023)
    __rt_lib_init_heap_1                     0x000000cb   Thumb Code     0  libinit2.o(.ARM.Collect$$libinit$$0000000A)
    __rt_lib_init_lc_collate_1               0x000000cb   Thumb Code     0  libinit2.o(.ARM.Collect$$libinit$$00000011)
    __rt_lib_init_lc_ctype_1                 0x000000cb   Thumb Code     0  libinit2.o(.ARM.Collect$$libinit$$00000013)
    __rt_lib_init_lc_monetary_1              0x000000cb   Thumb Code     0  libinit2.o(.ARM.Collect$$libinit$$00000015)
    __rt_lib_init_lc_numeric_1               0x000000cb   Thumb Code     0  libinit2.o(.ARM.Collect$$libinit$$00000017)
    __rt_lib_init_lc_time_1                  0x000000cb   Thumb Code     0  libinit2.o(.ARM.Collect$$libinit$$00000019)
    __rt_lib_init_preinit_1                  0x000000cb   Thumb Code     0  libinit2.o(.ARM.Collect$$libinit$$00000004)
    __rt_lib_init_rand_1                     0x000000cb   Thumb Code     0  libinit2.o(.ARM.Collect$$libinit$$0000000E)
    __rt_lib_init_return                     0x000000cb   Thumb Code     0  libinit2.o(.ARM.Collect$$libinit$$00000033)
    __rt_lib_init_signal_1                   0x000000cb   Thumb Code     0  libinit2.o(.ARM.Collect$$libinit$$0000001D)
    __rt_lib_init_stdio_1                    0x000000cb   Thumb Code     0  libinit2.o(.ARM.Collect$$libinit$$00000025)
    __rt_lib_init_user_alloc_1               0x000000cb   Thumb Code     0  libinit2.o(.ARM.Collect$$libinit$$0000000C)
    __rt_lib_shutdown                        0x000000cd   Thumb Code     0  libshutdown.o(.ARM.Collect$$libshutdown$$00000000)
    __rt_lib_shutdown_cpp_1                  0x000000cf   Thumb Code     0  libshutdown2.o(.ARM.Collect$$libshutdown$$00000002)
    __rt_lib_shutdown_fp_trap_1              0x000000cf   Thumb Code     0  libshutdown2.o(.ARM.Collect$$libshutdown$$00000007)
    __rt_lib_shutdown_heap_1                 0x000000cf   Thumb Code     0  libshutdown2.o(.ARM.Collect$$libshutdown$$0000000F)
    __rt_lib_shutdown_return                 0x000000cf   Thumb Code     0  libshutdown2.o(.ARM.Collect$$libshutdown$$00000010)
    __rt_lib_shutdown_signal_1               0x000000cf   Thumb Code     0  libshutdown2.o(.ARM.Collect$$libshutdown$$0000000A)
    __rt_lib_shutdown_stdio_1                0x000000cf   Thumb Code     0  libshutdown2.o(.ARM.Collect$$libshutdown$$00000004)
    __rt_lib_shutdown_user_alloc_1           0x000000cf   Thumb Code     0  libshutdown2.o(.ARM.Collect$$libshutdown$$0000000C)
    __rt_entry                               0x000000d1   Thumb Code     0  __rtentry.o(.ARM.Collect$$rtentry$$00000000)
    __rt_entry_presh_1                       0x000000d1   Thumb Code     0  __rtentry2.o(.ARM.Collect$$rtentry$$00000002)
    __rt_entry_sh                            0x000000d1   Thumb Code     0  __rtentry4.o(.ARM.Collect$$rtentry$$00000004)
    __rt_entry_li                            0x000000d7   Thumb Code     0  __rtentry2.o(.ARM.Collect$$rtentry$$0000000A)
    __rt_entry_postsh_1                      0x000000d7   Thumb Code     0  __rtentry2.o(.ARM.Collect$$rtentry$$00000009)
    __rt_entry_main                          0x000000db   Thumb Code     0  __rtentry2.o(.ARM.Collect$$rtentry$$0000000D)
    __rt_entry_postli_1                      0x000000db   Thumb Code     0  __rtentry2.o(.ARM.Collect$$rtentry$$0000000C)
    __rt_exit                                0x000000e3   Thumb Code     0  rtexit.o(.ARM.Collect$$rtexit$$00000000)
    __rt_exit_ls                             0x000000e5   Thumb Code     0  rtexit2.o(.ARM.Collect$$rtexit$$00000003)
    __rt_exit_prels_1                        0x000000e5   Thumb Code     0  rtexit2.o(.ARM.Collect$$rtexit$$00000002)
    __rt_exit_exit                           0x000000e9   Thumb Code     0  rtexit2.o(.ARM.Collect$$rtexit$$00000004)
    Reset_Handler                            0x000000f1   Thumb Code    10  startup_cmsdk_cm0.o(.text)
    Demodulated_Data_Dump_Done               0x000000fb   Thumb Code     8  startup_cmsdk_cm0.o(.text)
    FM_IQ_Dump_Done                          0x00000103   Thumb Code     8  startup_cmsdk_cm0.o(.text)
    UART_Handler                             0x0000010b   Thumb Code     8  startup_cmsdk_cm0.o(.text)
    __user_initial_stackheap                 0x00000115   Thumb Code     0  startup_cmsdk_cm0.o(.text)
    strlen                                   0x00000135   Thumb Code    62  strlen.o(.text)
    __aeabi_uidivmod                         0x00000179   Thumb Code    28  aeabi_sdivfast.o(.text)
    __aeabi_idivmod                          0x00000195   Thumb Code   472  aeabi_sdivfast.o(.text)
    __use_two_region_memory                  0x00000371   Thumb Code     2  heapauxi.o(.text)
    __rt_heap_escrow$2region                 0x00000373   Thumb Code     2  heapauxi.o(.text)
    __rt_heap_expand$2region                 0x00000375   Thumb Code     2  heapauxi.o(.text)
    __aeabi_f2uiz                            0x00000377   Thumb Code     0  ffixui.o(.text)
    _ffixu                                   0x00000377   Thumb Code    48  ffixui.o(.text)
    __user_setup_stackheap                   0x000003a7   Thumb Code    62  sys_stackheap_outer.o(.text)
    exit                                     0x000003e5   Thumb Code    16  exit.o(.text)
    __user_libspace                          0x000003f5   Thumb Code     8  libspace.o(.text)
    __user_perproc_libspace                  0x000003f5   Thumb Code     0  libspace.o(.text)
    __user_perthread_libspace                0x000003f5   Thumb Code     0  libspace.o(.text)
    _sys_exit                                0x000003fd   Thumb Code     8  sys_exit.o(.text)
    __I$use$semihosting                      0x00000409   Thumb Code     0  use_no_semi.o(.text)
    __use_no_semihosting_swi                 0x00000409   Thumb Code     2  use_no_semi.o(.text)
    __semihosting_library_function           0x0000040b   Thumb Code     0  indicate_semi.o(.text)
    ChannelSelection_control                 0x0000040d   Thumb Code  2876  channelselection_control.o(.text.ChannelSelection_control)
    Channel_control                          0x0000103d   Thumb Code    92  code_def.o(.text.Channel_control)
    Delay                                    0x000010a1   Thumb Code     2  code_def.o(.text.Delay)
    Demodulated_Data_Dump_command            0x000010a5   Thumb Code     8  code_def.o(.text.Demodulated_Data_Dump_command)
    IQ_Dump_command                          0x000010ad   Thumb Code     8  code_def.o(.text.IQ_Dump_command)
    ReadUART                                 0x000010b5   Thumb Code     8  code_def.o(.text.ReadUART)
    ReadUARTState                            0x000010c1   Thumb Code     8  code_def.o(.text.ReadUARTState)
    SPI_RFD                                  0x000010cd   Thumb Code    16  code_def.o(.text.SPI_RFD)
    Start_FM_command                         0x000010e1   Thumb Code     8  code_def.o(.text.Start_FM_command)
    Stop_FM_command                          0x000010e9   Thumb Code     8  code_def.o(.text.Stop_FM_command)
    UARTFM_Demodulated_Data_Dump_Done_Handler 0x000010f1   Thumb Code    52  code_def.o(.text.UARTFM_Demodulated_Data_Dump_Done_Handler)
    UARTFM_IQ_Dump_Done_Handler              0x00001145   Thumb Code    60  code_def.o(.text.UARTFM_IQ_Dump_Done_Handler)
    UARTHandle                               0x000011a9   Thumb Code    12  code_def.o(.text.UARTHandle)
    UARTString                               0x000011b5   Thumb Code    32  code_def.o(.text.UARTString)
    WriteUART                                0x000011d5   Thumb Code    20  code_def.o(.text.WriteUART)
    int_to_str                               0x000011ed   Thumb Code   148  auxiliary.o(.text.int_to_str)
    main                                     0x00001289   Thumb Code    16  main.o(.text.main)
    __aeabi_uidiv                            0x000012a1   Thumb Code    68  aeabi_sdivfast.o(.text_divfast)
    __aeabi_idiv                             0x000012e5   Thumb Code   434  aeabi_sdivfast.o(.text_divfast)
    __aeabi_fmul                             0x00001499   Thumb Code     0  fmul.o(x$fpl$fmul)
    _fmul                                    0x00001499   Thumb Code   172  fmul.o(x$fpl$fmul)
    __I$use$fp                               0x00001548   Number         0  usenofp.o(x$fpl$usenofp)
    Region$$Table$$Base                      0x00001958   Number         0  anon$$obj.o(Region$$Table)
    Region$$Table$$Limit                     0x00001978   Number         0  anon$$obj.o(Region$$Table)
    FM_current_FRAC                          0x20000000   Data           4  channelselection_control.o(.data.FM_current_FRAC)
    FM_current_INT                           0x20000004   Data           4  channelselection_control.o(.data.FM_current_INT)
    FM_current_gain                          0x20000008   Data           4  channelselection_control.o(.data.FM_current_gain)
    REG1                                     0x2000000c   Data           4  channelselection_control.o(.data.REG1)
    REG2                                     0x20000010   Data           4  channelselection_control.o(.data.REG2)
    REG3                                     0x20000014   Data           4  channelselection_control.o(.data.REG3)
    __libspace_start                         0x20000020   Data          96  libspace.o(.bss)
    ChannelControlDisplay                    0x20000080   Data          16  channelselection_control.o(.bss.ChannelControlDisplay)
    __temporary_stack_top$libspace           0x20000080   Data           0  libspace.o(.bss)
    FM_Receiver_state                        0x20000090   Data           4  channelselection_control.o(.bss.FM_Receiver_state)
    FM_current_AFC                           0x20000094   Data           4  channelselection_control.o(.bss.FM_current_AFC)



==============================================================================

Memory Map of the image

  Image entry point : Not specified.

  Load Region LR_IROM1 (Base: 0x00000000, Size: 0x000019a0, Max: 0x00010000, ABSOLUTE)

    Execution Region ER_IROM1 (Exec base: 0x00000000, Load base: 0x00000000, Size: 0x00001978, Max: 0x00010000, ABSOLUTE)

    Exec Addr    Load Addr    Size         Type   Attr      Idx    E Section Name        Object

    0x00000000   0x00000000   0x0000004c   Data   RO           79    RESET               startup_cmsdk_cm0.o
    0x0000004c   0x0000004c   0x00000008   Code   RO          100  * !!!main             c_p.l(__main.o)
    0x00000054   0x00000054   0x0000003c   Code   RO          280    !!!scatter          c_p.l(__scatter.o)
    0x00000090   0x00000090   0x0000001a   Code   RO          282    !!handler_copy      c_p.l(__scatter_copy.o)
    0x000000aa   0x000000aa   0x00000002   PAD
    0x000000ac   0x000000ac   0x0000001c   Code   RO          284    !!handler_zi        c_p.l(__scatter_zi.o)
    0x000000c8   0x000000c8   0x00000002   Code   RO          143    .ARM.Collect$$libinit$$00000000  c_p.l(libinit.o)
    0x000000ca   0x000000ca   0x00000000   Code   RO          157    .ARM.Collect$$libinit$$00000002  c_p.l(libinit2.o)
    0x000000ca   0x000000ca   0x00000000   Code   RO          159    .ARM.Collect$$libinit$$00000004  c_p.l(libinit2.o)
    0x000000ca   0x000000ca   0x00000000   Code   RO          162    .ARM.Collect$$libinit$$0000000A  c_p.l(libinit2.o)
    0x000000ca   0x000000ca   0x00000000   Code   RO          164    .ARM.Collect$$libinit$$0000000C  c_p.l(libinit2.o)
    0x000000ca   0x000000ca   0x00000000   Code   RO          166    .ARM.Collect$$libinit$$0000000E  c_p.l(libinit2.o)
    0x000000ca   0x000000ca   0x00000000   Code   RO          169    .ARM.Collect$$libinit$$00000011  c_p.l(libinit2.o)
    0x000000ca   0x000000ca   0x00000000   Code   RO          171    .ARM.Collect$$libinit$$00000013  c_p.l(libinit2.o)
    0x000000ca   0x000000ca   0x00000000   Code   RO          173    .ARM.Collect$$libinit$$00000015  c_p.l(libinit2.o)
    0x000000ca   0x000000ca   0x00000000   Code   RO          175    .ARM.Collect$$libinit$$00000017  c_p.l(libinit2.o)
    0x000000ca   0x000000ca   0x00000000   Code   RO          177    .ARM.Collect$$libinit$$00000019  c_p.l(libinit2.o)
    0x000000ca   0x000000ca   0x00000000   Code   RO          179    .ARM.Collect$$libinit$$0000001B  c_p.l(libinit2.o)
    0x000000ca   0x000000ca   0x00000000   Code   RO          181    .ARM.Collect$$libinit$$0000001D  c_p.l(libinit2.o)
    0x000000ca   0x000000ca   0x00000000   Code   RO          183    .ARM.Collect$$libinit$$0000001F  c_p.l(libinit2.o)
    0x000000ca   0x000000ca   0x00000000   Code   RO          185    .ARM.Collect$$libinit$$00000021  c_p.l(libinit2.o)
    0x000000ca   0x000000ca   0x00000000   Code   RO          187    .ARM.Collect$$libinit$$00000023  c_p.l(libinit2.o)
    0x000000ca   0x000000ca   0x00000000   Code   RO          189    .ARM.Collect$$libinit$$00000025  c_p.l(libinit2.o)
    0x000000ca   0x000000ca   0x00000000   Code   RO          193    .ARM.Collect$$libinit$$0000002C  c_p.l(libinit2.o)
    0x000000ca   0x000000ca   0x00000000   Code   RO          195    .ARM.Collect$$libinit$$0000002E  c_p.l(libinit2.o)
    0x000000ca   0x000000ca   0x00000000   Code   RO          197    .ARM.Collect$$libinit$$00000030  c_p.l(libinit2.o)
    0x000000ca   0x000000ca   0x00000000   Code   RO          199    .ARM.Collect$$libinit$$00000032  c_p.l(libinit2.o)
    0x000000ca   0x000000ca   0x00000002   Code   RO          200    .ARM.Collect$$libinit$$00000033  c_p.l(libinit2.o)
    0x000000cc   0x000000cc   0x00000002   Code   RO          235    .ARM.Collect$$libshutdown$$00000000  c_p.l(libshutdown.o)
    0x000000ce   0x000000ce   0x00000000   Code   RO          263    .ARM.Collect$$libshutdown$$00000002  c_p.l(libshutdown2.o)
    0x000000ce   0x000000ce   0x00000000   Code   RO          265    .ARM.Collect$$libshutdown$$00000004  c_p.l(libshutdown2.o)
    0x000000ce   0x000000ce   0x00000000   Code   RO          268    .ARM.Collect$$libshutdown$$00000007  c_p.l(libshutdown2.o)
    0x000000ce   0x000000ce   0x00000000   Code   RO          271    .ARM.Collect$$libshutdown$$0000000A  c_p.l(libshutdown2.o)
    0x000000ce   0x000000ce   0x00000000   Code   RO          273    .ARM.Collect$$libshutdown$$0000000C  c_p.l(libshutdown2.o)
    0x000000ce   0x000000ce   0x00000000   Code   RO          276    .ARM.Collect$$libshutdown$$0000000F  c_p.l(libshutdown2.o)
    0x000000ce   0x000000ce   0x00000002   Code   RO          277    .ARM.Collect$$libshutdown$$00000010  c_p.l(libshutdown2.o)
    0x000000d0   0x000000d0   0x00000000   Code   RO          106    .ARM.Collect$$rtentry$$00000000  c_p.l(__rtentry.o)
    0x000000d0   0x000000d0   0x00000000   Code   RO          113    .ARM.Collect$$rtentry$$00000002  c_p.l(__rtentry2.o)
    0x000000d0   0x000000d0   0x00000006   Code   RO          125    .ARM.Collect$$rtentry$$00000004  c_p.l(__rtentry4.o)
    0x000000d6   0x000000d6   0x00000000   Code   RO          115    .ARM.Collect$$rtentry$$00000009  c_p.l(__rtentry2.o)
    0x000000d6   0x000000d6   0x00000004   Code   RO          116    .ARM.Collect$$rtentry$$0000000A  c_p.l(__rtentry2.o)
    0x000000da   0x000000da   0x00000000   Code   RO          118    .ARM.Collect$$rtentry$$0000000C  c_p.l(__rtentry2.o)
    0x000000da   0x000000da   0x00000008   Code   RO          119    .ARM.Collect$$rtentry$$0000000D  c_p.l(__rtentry2.o)
    0x000000e2   0x000000e2   0x00000002   Code   RO          148    .ARM.Collect$$rtexit$$00000000  c_p.l(rtexit.o)
    0x000000e4   0x000000e4   0x00000000   Code   RO          206    .ARM.Collect$$rtexit$$00000002  c_p.l(rtexit2.o)
    0x000000e4   0x000000e4   0x00000004   Code   RO          207    .ARM.Collect$$rtexit$$00000003  c_p.l(rtexit2.o)
    0x000000e8   0x000000e8   0x00000006   Code   RO          208    .ARM.Collect$$rtexit$$00000004  c_p.l(rtexit2.o)
    0x000000ee   0x000000ee   0x00000002   PAD
    0x000000f0   0x000000f0   0x00000044   Code   RO           80  * .text               startup_cmsdk_cm0.o
    0x00000134   0x00000134   0x00000044   Code   RO           88    .text               c_p.l(strlen.o)
    0x00000178   0x00000178   0x000001f8   Code   RO           90    .text               c_p.l(aeabi_sdivfast.o)
    0x00000370   0x00000370   0x00000006   Code   RO           98    .text               c_p.l(heapauxi.o)
    0x00000376   0x00000376   0x00000030   Code   RO          102    .text               fz_ps.l(ffixui.o)
    0x000003a6   0x000003a6   0x0000003e   Code   RO          129    .text               c_p.l(sys_stackheap_outer.o)
    0x000003e4   0x000003e4   0x00000010   Code   RO          132    .text               c_p.l(exit.o)
    0x000003f4   0x000003f4   0x00000008   Code   RO          144    .text               c_p.l(libspace.o)
    0x000003fc   0x000003fc   0x0000000c   Code   RO          201    .text               c_p.l(sys_exit.o)
    0x00000408   0x00000408   0x00000002   Code   RO          224    .text               c_p.l(use_no_semi.o)
    0x0000040a   0x0000040a   0x00000000   Code   RO          226    .text               c_p.l(indicate_semi.o)
    0x0000040a   0x0000040a   0x00000002   PAD
    0x0000040c   0x0000040c   0x00000c30   Code   RO           13    .text.ChannelSelection_control  channelselection_control.o
    0x0000103c   0x0000103c   0x00000064   Code   RO           58    .text.Channel_control  code_def.o
    0x000010a0   0x000010a0   0x00000002   Code   RO           32    .text.Delay         code_def.o
    0x000010a2   0x000010a2   0x00000002   PAD
    0x000010a4   0x000010a4   0x00000008   Code   RO           54    .text.Demodulated_Data_Dump_command  code_def.o
    0x000010ac   0x000010ac   0x00000008   Code   RO           50    .text.IQ_Dump_command  code_def.o
    0x000010b4   0x000010b4   0x0000000c   Code   RO           36    .text.ReadUART      code_def.o
    0x000010c0   0x000010c0   0x0000000c   Code   RO           34    .text.ReadUARTState  code_def.o
    0x000010cc   0x000010cc   0x00000014   Code   RO           44    .text.SPI_RFD       code_def.o
    0x000010e0   0x000010e0   0x00000008   Code   RO           46    .text.Start_FM_command  code_def.o
    0x000010e8   0x000010e8   0x00000008   Code   RO           48    .text.Stop_FM_command  code_def.o
    0x000010f0   0x000010f0   0x00000054   Code   RO           56    .text.UARTFM_Demodulated_Data_Dump_Done_Handler  code_def.o
    0x00001144   0x00001144   0x00000064   Code   RO           52    .text.UARTFM_IQ_Dump_Done_Handler  code_def.o
    0x000011a8   0x000011a8   0x0000000c   Code   RO           42    .text.UARTHandle    code_def.o
    0x000011b4   0x000011b4   0x00000020   Code   RO           40    .text.UARTString    code_def.o
    0x000011d4   0x000011d4   0x00000018   Code   RO           38    .text.WriteUART     code_def.o
    0x000011ec   0x000011ec   0x0000009c   Code   RO            2    .text.int_to_str    auxiliary.o
    0x00001288   0x00001288   0x00000018   Code   RO           69    .text.main          main.o
    0x000012a0   0x000012a0   0x000001f6   Code   RO           91    .text_divfast       c_p.l(aeabi_sdivfast.o)
    0x00001496   0x00001496   0x00000002   PAD
    0x00001498   0x00001498   0x000000b0   Code   RO          104    x$fpl$fmul          fz_ps.l(fmul.o)
    0x00001548   0x00001548   0x00000000   Code   RO          111    x$fpl$usenofp       fz_ps.l(usenofp.o)
    0x00001548   0x00001548   0x0000040b   Data   RO           23    .rodata.str1.1      channelselection_control.o
    0x00001953   0x00001953   0x00000002   Data   RO           60    .rodata.str1.1      code_def.o
    0x00001955   0x00001955   0x00000003   PAD
    0x00001958   0x00001958   0x00000020   Data   RO          279    Region$$Table       anon$$obj.o


    Execution Region RW_IRAM1 (Exec base: 0x20000000, Load base: 0x00001980, Size: 0x000008b0, Max: 0x00010000, ABSOLUTE)

    Exec Addr    Load Addr    Size         Type   Attr      Idx    E Section Name        Object

    0x20000000   0x00001980   0x00000004   Data   RW           18    .data.FM_current_FRAC  channelselection_control.o
    0x20000004   0x00001984   0x00000004   Data   RW           17    .data.FM_current_INT  channelselection_control.o
    0x20000008   0x00001988   0x00000004   Data   RW           16    .data.FM_current_gain  channelselection_control.o
    0x2000000c   0x0000198c   0x00000004   Data   RW           20    .data.REG1          channelselection_control.o
    0x20000010   0x00001990   0x00000004   Data   RW           21    .data.REG2          channelselection_control.o
    0x20000014   0x00001994   0x00000004   Data   RW           22    .data.REG3          channelselection_control.o
    0x20000018   0x00001998   0x00000008   PAD
    0x20000020        -       0x00000060   Zero   RW          145    .bss                c_p.l(libspace.o)
    0x20000080        -       0x00000010   Zero   RW           24    .bss.ChannelControlDisplay  channelselection_control.o
    0x20000090        -       0x00000004   Zero   RW           15    .bss.FM_Receiver_state  channelselection_control.o
    0x20000094        -       0x00000004   Zero   RW           19    .bss.FM_current_AFC  channelselection_control.o
    0x20000098        -       0x0000000c   Zero   RW            4    .bss.int_to_str.str  auxiliary.o
    0x200000a4   0x00001998   0x0000000c   PAD
    0x200000b0        -       0x00000400   Zero   RW           78    HEAP                startup_cmsdk_cm0.o
    0x200004b0        -       0x00000400   Zero   RW           77    STACK               startup_cmsdk_cm0.o


==============================================================================

Image component sizes


      Code (inc. data)   RO Data    RW Data    ZI Data      Debug   Object Name

       156          8          0          0         12       1075   auxiliary.o
      3120        884       1035         24         24       5707   channelselection_control.o
       430         96          2          0          0       3274   code_def.o
        24          8          0          0          0        772   main.o
        68         24         76          0       2048        500   startup_cmsdk_cm0.o

    ----------------------------------------------------------------------
      3800       1020       1148         24       2104      11328   Object Totals
         0          0         32          0          0          0   (incl. Generated)
         2          0          3          0         20          0   (incl. Padding)

    ----------------------------------------------------------------------

      Code (inc. data)   RO Data    RW Data    ZI Data      Debug   Library Member Name

         8          0          0          0          0         68   __main.o
         0          0          0          0          0          0   __rtentry.o
        12          0          0          0          0          0   __rtentry2.o
         6          0          0          0          0          0   __rtentry4.o
        60          8          0          0          0          0   __scatter.o
        26          0          0          0          0          0   __scatter_copy.o
        28          0          0          0          0          0   __scatter_zi.o
      1006          4          0          0          0        184   aeabi_sdivfast.o
        16          0          0          0          0         68   exit.o
         6          0          0          0          0        136   heapauxi.o
         0          0          0          0          0          0   indicate_semi.o
         2          0          0          0          0          0   libinit.o
         2          0          0          0          0          0   libinit2.o
         2          0          0          0          0          0   libshutdown.o
         2          0          0          0          0          0   libshutdown2.o
         8          4          0          0         96         68   libspace.o
         2          0          0          0          0          0   rtexit.o
        10          0          0          0          0          0   rtexit2.o
        68          6          0          0          0         72   strlen.o
        12          4          0          0          0         60   sys_exit.o
        62          0          0          0          0         80   sys_stackheap_outer.o
         2          0          0          0          0         68   use_no_semi.o
        48          0          0          0          0         60   ffixui.o
       176          4          0          0          0         80   fmul.o
         0          0          0          0          0          0   usenofp.o

    ----------------------------------------------------------------------
      1572         30          0          0         96        944   Library Totals
         8          0          0          0          0          0   (incl. Padding)

    ----------------------------------------------------------------------

      Code (inc. data)   RO Data    RW Data    ZI Data      Debug   Library Name

      1340         26          0          0         96        804   c_p.l
       224          4          0          0          0        140   fz_ps.l

    ----------------------------------------------------------------------
      1572         30          0          0         96        944   Library Totals

    ----------------------------------------------------------------------

==============================================================================


      Code (inc. data)   RO Data    RW Data    ZI Data      Debug   

      5372       1050       1148         24       2200      11876   Grand Totals
      5372       1050       1148         24       2200      11876   ELF Image Totals
      5372       1050       1148         24          0          0   ROM Totals

==============================================================================

    Total RO  Size (Code + RO Data)                 6520 (   6.37kB)
    Total RW  Size (RW Data + ZI Data)              2224 (   2.17kB)
    Total ROM Size (Code + RO Data + RW Data)       6544 (   6.39kB)

==============================================================================

