


ARM Macro Assembler    Page 1 


    1 00000000         ;/******************************************************
                       ********************//**
    2 00000000         ; * @file     startup_CMSDK_CM0.s
    3 00000000         ; * @brief    CMSIS Cortex-M0 Core Device Startup File f
                       or
    4 00000000         ; *           Device CMSDK_CM0
    5 00000000         ; * @version  V3.01
    6 00000000         ; * @date     06. March 2012
    7 00000000         ; *
    8 00000000         ; * @note
    9 00000000         ; * Copyright (C) 2012 ARM Limited. All rights reserved.
                       
   10 00000000         ; *
   11 00000000         ; * @par
   12 00000000         ; * ARM Limited (ARM) is supplying this software for use
                        with Cortex-M
   13 00000000         ; * processor based microcontrollers.  This file can be 
                       freely distributed
   14 00000000         ; * within development tools that are supporting such AR
                       M based processors.
   15 00000000         ; *
   16 00000000         ; * @par
   17 00000000         ; * THIS SOFTWARE IS PROVIDED "AS IS".  NO WARRANTIES, W
                       HETHER EXPRESS, IMPLIED
   18 00000000         ; * OR STATUTORY, INCLUDING, BUT NOT LIMITED TO, IMPLIED
                        WARRANTIES OF
   19 00000000         ; * MERCHANTABILITY AND FITNESS FOR A PARTICULAR PURPOSE
                        APPLY TO THIS SOFTWARE.
   20 00000000         ; * ARM SHALL NOT, IN ANY CIRCUMSTANCES, BE LIABLE FOR S
                       PECIAL, INCIDENTAL, OR
   21 00000000         ; * CONSEQUENTIAL DAMAGES, FOR ANY REASON WHATSOEVER.
   22 00000000         ; *
   23 00000000         ; ******************************************************
                       ************************/
   24 00000000         ;/*
   25 00000000         ;//-------- <<< Use Configuration Wizard in Context Menu
                        >>> ------------------
   26 00000000         ;*/
   27 00000000         
   28 00000000         
   29 00000000         ; <h> Stack Configuration
   30 00000000         ;   <o> Stack Size (in Bytes) <0x0-0xFFFFFFFF:8>
   31 00000000         ; </h>
   32 00000000         
   33 00000000 00000400 
                       Stack_Size
                               EQU              0x00000400
   34 00000000         
   35 00000000                 AREA             STACK, NOINIT, READWRITE, ALIGN
=4
   36 00000000         Stack_Mem
                               SPACE            Stack_Size
   37 00000400         __initial_sp
   38 00000400         
   39 00000400         
   40 00000400         ; <h> Heap Configuration
   41 00000400         ;   <o>  Heap Size (in Bytes) <0x0-0xFFFFFFFF:8>
   42 00000400         ; </h>
   43 00000400         



ARM Macro Assembler    Page 2 


   44 00000400 00000400 
                       Heap_Size
                               EQU              0x00000400
   45 00000400         
   46 00000400                 AREA             HEAP, NOINIT, READWRITE, ALIGN=
4
   47 00000000         __heap_base
   48 00000000         Heap_Mem
                               SPACE            Heap_Size
   49 00000400         __heap_limit
   50 00000400         
   51 00000400         
   52 00000400                 PRESERVE8
   53 00000400                 THUMB
   54 00000400         
   55 00000400         
   56 00000400         ; Vector Table Mapped to Address 0 at Reset
   57 00000400         
   58 00000400                 AREA             RESET, DATA, READONLY
   59 00000000                 EXPORT           __Vectors
   60 00000000         
   61 00000000 00000000 
                       __Vectors
                               DCD              __initial_sp ; Top of Stack
   62 00000004 00000000        DCD              Reset_Handler ; Reset Handler
   63 00000008 00000000        DCD              0           ; NMI Handler
   64 0000000C 00000000        DCD              0           ; Hard Fault Handle
                                                            r
   65 00000010 00000000        DCD              0           ; Reserved
   66 00000014 00000000        DCD              0           ; Reserved
   67 00000018 00000000        DCD              0           ; Reserved
   68 0000001C 00000000        DCD              0           ; Reserved
   69 00000020 00000000        DCD              0           ; Reserved
   70 00000024 00000000        DCD              0           ; Reserved
   71 00000028 00000000        DCD              0           ; Reserved
   72 0000002C 00000000        DCD              0           ; SVCall Handler
   73 00000030 00000000        DCD              0           ; Reserved
   74 00000034 00000000        DCD              0           ; Reserved
   75 00000038 00000000        DCD              0           ; PendSV Handler
   76 0000003C 00000000        DCD              0           ; SysTick Handler
   77 00000040 00000000        DCD              UART_Handler ; IRQ0 Handler
   78 00000044 00000000        DCD              FM_IQ_Dump_Done ; IRQ1 Handler
   79 00000048 00000000        DCD              Demodulated_Data_Dump_Done 
                                                            ; IRQ2 Handler
   80 0000004C 00000000        DCD              RSSI_Scan_Done ; IRQ3 Handler 
   81 00000050 00000000        DCD              KEY15_Handler ; IRQ4 Handler
   82 00000054 00000000        DCD              KEY14_Handler ; IRQ5 Handler
   83 00000058 00000000        DCD              KEY13_Handler ; IRQ6 Handler
   84 0000005C 00000000        DCD              KEY12_Handler ; IRQ7 Handler
   85 00000060 00000000        DCD              KEY11_Handler ; IRQ8 Handler
   86 00000064 00000000        DCD              KEY10_Handler ; IRQ9 Handler
   87 00000068 00000000        DCD              KEY9_Handler ; IRQ10 Handler
   88 0000006C 00000000        DCD              KEY8_Handler ; IRQ11 Handler
   89 00000070 00000000        DCD              KEY7_Handler ; IRQ12 Handler
   90 00000074 00000000        DCD              KEY6_Handler ; IRQ13 Handler
   91 00000078 00000000        DCD              KEY5_Handler ; IRQ14 Handler
   92 0000007C 00000000        DCD              KEY4_Handler ; IRQ15 Handler
   93 00000080 00000000        DCD              KEY3_Handler ; IRQ16 Handler
   94 00000084 00000000        DCD              KEY2_Handler ; IRQ17 Handler



ARM Macro Assembler    Page 3 


   95 00000088 00000000        DCD              KEY1_Handler ; IRQ18 Handler
   96 0000008C 00000000        DCD              KEY0_Handler ; IRQ19 Handler
   97 00000090         
   98 00000090         
   99 00000090         
  100 00000090                 AREA             |.text|, CODE, READONLY
  101 00000000         
  102 00000000         
  103 00000000         ; Reset Handler
  104 00000000         
  105 00000000         Reset_Handler
                               PROC
  106 00000000                 GLOBAL           Reset_Handler
  107 00000000                 ENTRY
  108 00000000                 IMPORT           __main
  109 00000000 482D            LDR              R0, =__main
  110 00000002 4680            MOV              R8, R0
  111 00000004 46C1            MOV              R9, R8
  112 00000006 F7FF FFFE       BL               __main
  113 0000000A                 ENDP
  114 0000000A         
  115 0000000A         
  116 0000000A         
  117 0000000A         Demodulated_Data_Dump_Done
                               PROC
  118 0000000A         
  119 0000000A                 EXPORT           Demodulated_Data_Dump_Done
  120 0000000A                 IMPORT           UARTFM_Demodulated_Data_Dump_Do
ne_Handler
  121 0000000A B507            PUSH             {R0,R1,R2,LR}
  122 0000000C F7FF FFFE       BL               UARTFM_Demodulated_Data_Dump_Do
ne_Handler
  123 00000010 BD07            POP              {R0,R1,R2,PC}
  124 00000012                 ENDP
  125 00000012         
  126 00000012         FM_IQ_Dump_Done
                               PROC
  127 00000012         
  128 00000012         
  129 00000012                 EXPORT           FM_IQ_Dump_Done
  130 00000012                 IMPORT           UARTFM_IQ_Dump_Done_Handler
  131 00000012 B507            PUSH             {R0,R1,R2,LR}
  132 00000014 F7FF FFFE       BL               UARTFM_IQ_Dump_Done_Handler
  133 00000018 BD07            POP              {R0,R1,R2,PC}
  134 0000001A                 ENDP
  135 0000001A         
  136 0000001A         
  137 0000001A         
  138 0000001A         UART_Handler
                               PROC
  139 0000001A                 EXPORT           UART_Handler            [WEAK]
  140 0000001A                 IMPORT           UARTHandle
  141 0000001A B507            PUSH             {R0,R1,R2,LR}
  142 0000001C F7FF FFFE       BL               UARTHandle
  143 00000020 BD07            POP              {R0,R1,R2,PC}
  144 00000022                 ENDP
  145 00000022         
  146 00000022         
  147 00000022         RSSI_Scan_Done



ARM Macro Assembler    Page 4 


                               PROC
  148 00000022                 EXPORT           RSSI_Scan_Done            [WEAK
]
  149 00000022                 IMPORT           RSSIScanHandler
  150 00000022 B507            PUSH             {R0,R1,R2,LR}
  151 00000024 F7FF FFFE       BL               RSSIScanHandler
  152 00000028 BD07            POP              {R0,R1,R2,PC}
  153 0000002A                 ENDP
  154 0000002A         
  155 0000002A         KEY0_Handler
                               PROC
  156 0000002A                 EXPORT           KEY0_Handler            [WEAK]
  157 0000002A                 IMPORT           KEY0
  158 0000002A B507            PUSH             {R0,R1,R2,LR}
  159 0000002C F7FF FFFE       BL               KEY0
  160 00000030 BD07            POP              {R0,R1,R2,PC}
  161 00000032                 ENDP
  162 00000032         
  163 00000032         KEY1_Handler
                               PROC
  164 00000032                 EXPORT           KEY1_Handler            [WEAK]
  165 00000032                 IMPORT           KEY1
  166 00000032 B507            PUSH             {R0,R1,R2,LR}
  167 00000034 F7FF FFFE       BL               KEY1
  168 00000038 BD07            POP              {R0,R1,R2,PC}
  169 0000003A                 ENDP
  170 0000003A         
  171 0000003A         KEY2_Handler
                               PROC
  172 0000003A                 EXPORT           KEY2_Handler            [WEAK]
  173 0000003A                 IMPORT           KEY2
  174 0000003A B507            PUSH             {R0,R1,R2,LR}
  175 0000003C F7FF FFFE       BL               KEY2
  176 00000040 BD07            POP              {R0,R1,R2,PC}
  177 00000042                 ENDP
  178 00000042         
  179 00000042         KEY3_Handler
                               PROC
  180 00000042                 EXPORT           KEY3_Handler            [WEAK]
  181 00000042                 IMPORT           KEY3
  182 00000042 B507            PUSH             {R0,R1,R2,LR}
  183 00000044 F7FF FFFE       BL               KEY3
  184 00000048 BD07            POP              {R0,R1,R2,PC}
  185 0000004A                 ENDP
  186 0000004A         
  187 0000004A         KEY4_Handler
                               PROC
  188 0000004A                 EXPORT           KEY4_Handler            [WEAK]
  189 0000004A                 IMPORT           KEY4
  190 0000004A B507            PUSH             {R0,R1,R2,LR}
  191 0000004C F7FF FFFE       BL               KEY4
  192 00000050 BD07            POP              {R0,R1,R2,PC}
  193 00000052                 ENDP
  194 00000052         
  195 00000052         KEY5_Handler
                               PROC
  196 00000052                 EXPORT           KEY5_Handler            [WEAK]
  197 00000052                 IMPORT           KEY5
  198 00000052 B507            PUSH             {R0,R1,R2,LR}



ARM Macro Assembler    Page 5 


  199 00000054 F7FF FFFE       BL               KEY5
  200 00000058 BD07            POP              {R0,R1,R2,PC}
  201 0000005A                 ENDP
  202 0000005A         
  203 0000005A         KEY6_Handler
                               PROC
  204 0000005A                 EXPORT           KEY6_Handler            [WEAK]
  205 0000005A                 IMPORT           KEY6
  206 0000005A B507            PUSH             {R0,R1,R2,LR}
  207 0000005C F7FF FFFE       BL               KEY6
  208 00000060 BD07            POP              {R0,R1,R2,PC}
  209 00000062                 ENDP
  210 00000062         
  211 00000062         KEY7_Handler
                               PROC
  212 00000062                 EXPORT           KEY7_Handler            [WEAK]
  213 00000062                 IMPORT           KEY7
  214 00000062 B507            PUSH             {R0,R1,R2,LR}
  215 00000064 F7FF FFFE       BL               KEY7
  216 00000068 BD07            POP              {R0,R1,R2,PC}
  217 0000006A                 ENDP
  218 0000006A         
  219 0000006A         KEY8_Handler
                               PROC
  220 0000006A                 EXPORT           KEY8_Handler            [WEAK]
  221 0000006A                 IMPORT           KEY8
  222 0000006A B507            PUSH             {R0,R1,R2,LR}
  223 0000006C F7FF FFFE       BL               KEY8
  224 00000070 BD07            POP              {R0,R1,R2,PC}
  225 00000072                 ENDP
  226 00000072         
  227 00000072         KEY9_Handler
                               PROC
  228 00000072                 EXPORT           KEY9_Handler            [WEAK]
  229 00000072                 IMPORT           KEY9
  230 00000072 B507            PUSH             {R0,R1,R2,LR}
  231 00000074 F7FF FFFE       BL               KEY9
  232 00000078 BD07            POP              {R0,R1,R2,PC}
  233 0000007A                 ENDP
  234 0000007A         
  235 0000007A         KEY10_Handler
                               PROC
  236 0000007A                 EXPORT           KEY10_Handler            [WEAK]
  237 0000007A                 IMPORT           KEY10
  238 0000007A B507            PUSH             {R0,R1,R2,LR}
  239 0000007C F7FF FFFE       BL               KEY10
  240 00000080 BD07            POP              {R0,R1,R2,PC}
  241 00000082                 ENDP
  242 00000082         
  243 00000082         KEY11_Handler
                               PROC
  244 00000082                 EXPORT           KEY11_Handler            [WEAK]
  245 00000082                 IMPORT           KEY11
  246 00000082 B507            PUSH             {R0,R1,R2,LR}
  247 00000084 F7FF FFFE       BL               KEY11
  248 00000088 BD07            POP              {R0,R1,R2,PC}
  249 0000008A                 ENDP
  250 0000008A         
  251 0000008A         KEY12_Handler



ARM Macro Assembler    Page 6 


                               PROC
  252 0000008A                 EXPORT           KEY12_Handler            [WEAK]
  253 0000008A                 IMPORT           KEY12
  254 0000008A B507            PUSH             {R0,R1,R2,LR}
  255 0000008C F7FF FFFE       BL               KEY12
  256 00000090 BD07            POP              {R0,R1,R2,PC}
  257 00000092                 ENDP
  258 00000092         
  259 00000092         KEY13_Handler
                               PROC
  260 00000092                 EXPORT           KEY13_Handler            [WEAK]
  261 00000092                 IMPORT           KEY13
  262 00000092 B507            PUSH             {R0,R1,R2,LR}
  263 00000094 F7FF FFFE       BL               KEY13
  264 00000098 BD07            POP              {R0,R1,R2,PC}
  265 0000009A                 ENDP
  266 0000009A         
  267 0000009A         KEY14_Handler
                               PROC
  268 0000009A                 EXPORT           KEY14_Handler            [WEAK]
  269 0000009A                 IMPORT           KEY14
  270 0000009A B507            PUSH             {R0,R1,R2,LR}
  271 0000009C F7FF FFFE       BL               KEY14
  272 000000A0 BD07            POP              {R0,R1,R2,PC}
  273 000000A2                 ENDP
  274 000000A2         
  275 000000A2         KEY15_Handler
                               PROC
  276 000000A2                 EXPORT           KEY15_Handler            [WEAK]
  277 000000A2                 IMPORT           KEY15
  278 000000A2 B507            PUSH             {R0,R1,R2,LR}
  279 000000A4 F7FF FFFE       BL               KEY15
  280 000000A8 BD07            POP              {R0,R1,R2,PC}
  281 000000AA                 ENDP
  282 000000AA         
  283 000000AA 00 00           ALIGN            4
  284 000000AC         
  285 000000AC                 IF               :DEF:__MICROLIB
  292 000000AC         
  293 000000AC                 IMPORT           __use_two_region_memory
  294 000000AC                 EXPORT           __user_initial_stackheap
  295 000000AC         
  296 000000AC         __user_initial_stackheap
  297 000000AC         
  298 000000AC 4803            LDR              R0, =  Heap_Mem
  299 000000AE 4904            LDR              R1, =(Stack_Mem + Stack_Size)
  300 000000B0 4A04            LDR              R2, = (Heap_Mem +  Heap_Size)
  301 000000B2 4B05            LDR              R3, = Stack_Mem
  302 000000B4 4770            BX               LR
  303 000000B6         
  304 000000B6 00 00           ALIGN
  305 000000B8         
  306 000000B8                 ENDIF
  307 000000B8         
  308 000000B8                 END
              00000000 
              00000000 
              00000400 
              00000400 



ARM Macro Assembler    Page 7 


              00000000 
Command Line: --debug --xref --diag_suppress=9931 --cpu=Cortex-M0 --apcs=interw
ork --depend=.\startup_cmsdk_cm0.d -o.\startup_cmsdk_cm0.o -IC:\Users\JefferyLi
\AppData\Local\Arm\Packs\Keil\V2M-MPS2_CMx_BSP\1.8.0\Device\CMSDK_CM0\Include -
-predefine="__EVAL SETA 1" --predefine="__UVISION_VERSION SETA 536" --predefine
="CMSDK_CM0 SETA 1" --list=.\listings\startup_cmsdk_cm0.lst ..\src\startup_CMSD
K_CM0.s



ARM Macro Assembler    Page 1 Alphabetic symbol ordering
Relocatable symbols

STACK 00000000

Symbol: STACK
   Definitions
      At line 35 in file ..\src\startup_CMSDK_CM0.s
   Uses
      None
Comment: STACK unused
Stack_Mem 00000000

Symbol: Stack_Mem
   Definitions
      At line 36 in file ..\src\startup_CMSDK_CM0.s
   Uses
      At line 299 in file ..\src\startup_CMSDK_CM0.s
      At line 301 in file ..\src\startup_CMSDK_CM0.s

__initial_sp 00000400

Symbol: __initial_sp
   Definitions
      At line 37 in file ..\src\startup_CMSDK_CM0.s
   Uses
      At line 61 in file ..\src\startup_CMSDK_CM0.s
Comment: __initial_sp used once
3 symbols



ARM Macro Assembler    Page 1 Alphabetic symbol ordering
Relocatable symbols

HEAP 00000000

Symbol: HEAP
   Definitions
      At line 46 in file ..\src\startup_CMSDK_CM0.s
   Uses
      None
Comment: HEAP unused
Heap_Mem 00000000

Symbol: Heap_Mem
   Definitions
      At line 48 in file ..\src\startup_CMSDK_CM0.s
   Uses
      At line 298 in file ..\src\startup_CMSDK_CM0.s
      At line 300 in file ..\src\startup_CMSDK_CM0.s

__heap_base 00000000

Symbol: __heap_base
   Definitions
      At line 47 in file ..\src\startup_CMSDK_CM0.s
   Uses
      None
Comment: __heap_base unused
__heap_limit 00000400

Symbol: __heap_limit
   Definitions
      At line 49 in file ..\src\startup_CMSDK_CM0.s
   Uses
      None
Comment: __heap_limit unused
4 symbols



ARM Macro Assembler    Page 1 Alphabetic symbol ordering
Relocatable symbols

RESET 00000000

Symbol: RESET
   Definitions
      At line 58 in file ..\src\startup_CMSDK_CM0.s
   Uses
      None
Comment: RESET unused
__Vectors 00000000

Symbol: __Vectors
   Definitions
      At line 61 in file ..\src\startup_CMSDK_CM0.s
   Uses
      At line 59 in file ..\src\startup_CMSDK_CM0.s
Comment: __Vectors used once
2 symbols



ARM Macro Assembler    Page 1 Alphabetic symbol ordering
Relocatable symbols

.text 00000000

Symbol: .text
   Definitions
      At line 100 in file ..\src\startup_CMSDK_CM0.s
   Uses
      None
Comment: .text unused
Demodulated_Data_Dump_Done 0000000A

Symbol: Demodulated_Data_Dump_Done
   Definitions
      At line 117 in file ..\src\startup_CMSDK_CM0.s
   Uses
      At line 79 in file ..\src\startup_CMSDK_CM0.s
      At line 119 in file ..\src\startup_CMSDK_CM0.s

FM_IQ_Dump_Done 00000012

Symbol: FM_IQ_Dump_Done
   Definitions
      At line 126 in file ..\src\startup_CMSDK_CM0.s
   Uses
      At line 78 in file ..\src\startup_CMSDK_CM0.s
      At line 129 in file ..\src\startup_CMSDK_CM0.s

KEY0_Handler 0000002A

Symbol: KEY0_Handler
   Definitions
      At line 155 in file ..\src\startup_CMSDK_CM0.s
   Uses
      At line 96 in file ..\src\startup_CMSDK_CM0.s
      At line 156 in file ..\src\startup_CMSDK_CM0.s

KEY10_Handler 0000007A

Symbol: KEY10_Handler
   Definitions
      At line 235 in file ..\src\startup_CMSDK_CM0.s
   Uses
      At line 86 in file ..\src\startup_CMSDK_CM0.s
      At line 236 in file ..\src\startup_CMSDK_CM0.s

KEY11_Handler 00000082

Symbol: KEY11_Handler
   Definitions
      At line 243 in file ..\src\startup_CMSDK_CM0.s
   Uses
      At line 85 in file ..\src\startup_CMSDK_CM0.s
      At line 244 in file ..\src\startup_CMSDK_CM0.s

KEY12_Handler 0000008A

Symbol: KEY12_Handler
   Definitions
      At line 251 in file ..\src\startup_CMSDK_CM0.s
   Uses



ARM Macro Assembler    Page 2 Alphabetic symbol ordering
Relocatable symbols

      At line 84 in file ..\src\startup_CMSDK_CM0.s
      At line 252 in file ..\src\startup_CMSDK_CM0.s

KEY13_Handler 00000092

Symbol: KEY13_Handler
   Definitions
      At line 259 in file ..\src\startup_CMSDK_CM0.s
   Uses
      At line 83 in file ..\src\startup_CMSDK_CM0.s
      At line 260 in file ..\src\startup_CMSDK_CM0.s

KEY14_Handler 0000009A

Symbol: KEY14_Handler
   Definitions
      At line 267 in file ..\src\startup_CMSDK_CM0.s
   Uses
      At line 82 in file ..\src\startup_CMSDK_CM0.s
      At line 268 in file ..\src\startup_CMSDK_CM0.s

KEY15_Handler 000000A2

Symbol: KEY15_Handler
   Definitions
      At line 275 in file ..\src\startup_CMSDK_CM0.s
   Uses
      At line 81 in file ..\src\startup_CMSDK_CM0.s
      At line 276 in file ..\src\startup_CMSDK_CM0.s

KEY1_Handler 00000032

Symbol: KEY1_Handler
   Definitions
      At line 163 in file ..\src\startup_CMSDK_CM0.s
   Uses
      At line 95 in file ..\src\startup_CMSDK_CM0.s
      At line 164 in file ..\src\startup_CMSDK_CM0.s

KEY2_Handler 0000003A

Symbol: KEY2_Handler
   Definitions
      At line 171 in file ..\src\startup_CMSDK_CM0.s
   Uses
      At line 94 in file ..\src\startup_CMSDK_CM0.s
      At line 172 in file ..\src\startup_CMSDK_CM0.s

KEY3_Handler 00000042

Symbol: KEY3_Handler
   Definitions
      At line 179 in file ..\src\startup_CMSDK_CM0.s
   Uses
      At line 93 in file ..\src\startup_CMSDK_CM0.s
      At line 180 in file ..\src\startup_CMSDK_CM0.s

KEY4_Handler 0000004A




ARM Macro Assembler    Page 3 Alphabetic symbol ordering
Relocatable symbols

Symbol: KEY4_Handler
   Definitions
      At line 187 in file ..\src\startup_CMSDK_CM0.s
   Uses
      At line 92 in file ..\src\startup_CMSDK_CM0.s
      At line 188 in file ..\src\startup_CMSDK_CM0.s

KEY5_Handler 00000052

Symbol: KEY5_Handler
   Definitions
      At line 195 in file ..\src\startup_CMSDK_CM0.s
   Uses
      At line 91 in file ..\src\startup_CMSDK_CM0.s
      At line 196 in file ..\src\startup_CMSDK_CM0.s

KEY6_Handler 0000005A

Symbol: KEY6_Handler
   Definitions
      At line 203 in file ..\src\startup_CMSDK_CM0.s
   Uses
      At line 90 in file ..\src\startup_CMSDK_CM0.s
      At line 204 in file ..\src\startup_CMSDK_CM0.s

KEY7_Handler 00000062

Symbol: KEY7_Handler
   Definitions
      At line 211 in file ..\src\startup_CMSDK_CM0.s
   Uses
      At line 89 in file ..\src\startup_CMSDK_CM0.s
      At line 212 in file ..\src\startup_CMSDK_CM0.s

KEY8_Handler 0000006A

Symbol: KEY8_Handler
   Definitions
      At line 219 in file ..\src\startup_CMSDK_CM0.s
   Uses
      At line 88 in file ..\src\startup_CMSDK_CM0.s
      At line 220 in file ..\src\startup_CMSDK_CM0.s

KEY9_Handler 00000072

Symbol: KEY9_Handler
   Definitions
      At line 227 in file ..\src\startup_CMSDK_CM0.s
   Uses
      At line 87 in file ..\src\startup_CMSDK_CM0.s
      At line 228 in file ..\src\startup_CMSDK_CM0.s

RSSI_Scan_Done 00000022

Symbol: RSSI_Scan_Done
   Definitions
      At line 147 in file ..\src\startup_CMSDK_CM0.s
   Uses
      At line 80 in file ..\src\startup_CMSDK_CM0.s



ARM Macro Assembler    Page 4 Alphabetic symbol ordering
Relocatable symbols

      At line 148 in file ..\src\startup_CMSDK_CM0.s

Reset_Handler 00000000

Symbol: Reset_Handler
   Definitions
      At line 105 in file ..\src\startup_CMSDK_CM0.s
   Uses
      At line 62 in file ..\src\startup_CMSDK_CM0.s
      At line 106 in file ..\src\startup_CMSDK_CM0.s

UART_Handler 0000001A

Symbol: UART_Handler
   Definitions
      At line 138 in file ..\src\startup_CMSDK_CM0.s
   Uses
      At line 77 in file ..\src\startup_CMSDK_CM0.s
      At line 139 in file ..\src\startup_CMSDK_CM0.s

__user_initial_stackheap 000000AC

Symbol: __user_initial_stackheap
   Definitions
      At line 296 in file ..\src\startup_CMSDK_CM0.s
   Uses
      At line 294 in file ..\src\startup_CMSDK_CM0.s
Comment: __user_initial_stackheap used once
23 symbols



ARM Macro Assembler    Page 1 Alphabetic symbol ordering
Absolute symbols

Heap_Size 00000400

Symbol: Heap_Size
   Definitions
      At line 44 in file ..\src\startup_CMSDK_CM0.s
   Uses
      At line 48 in file ..\src\startup_CMSDK_CM0.s
      At line 300 in file ..\src\startup_CMSDK_CM0.s

Stack_Size 00000400

Symbol: Stack_Size
   Definitions
      At line 33 in file ..\src\startup_CMSDK_CM0.s
   Uses
      At line 36 in file ..\src\startup_CMSDK_CM0.s
      At line 299 in file ..\src\startup_CMSDK_CM0.s

2 symbols



ARM Macro Assembler    Page 1 Alphabetic symbol ordering
External symbols

KEY0 00000000

Symbol: KEY0
   Definitions
      At line 157 in file ..\src\startup_CMSDK_CM0.s
   Uses
      At line 159 in file ..\src\startup_CMSDK_CM0.s
Comment: KEY0 used once
KEY1 00000000

Symbol: KEY1
   Definitions
      At line 165 in file ..\src\startup_CMSDK_CM0.s
   Uses
      At line 167 in file ..\src\startup_CMSDK_CM0.s
Comment: KEY1 used once
KEY10 00000000

Symbol: KEY10
   Definitions
      At line 237 in file ..\src\startup_CMSDK_CM0.s
   Uses
      At line 239 in file ..\src\startup_CMSDK_CM0.s
Comment: KEY10 used once
KEY11 00000000

Symbol: KEY11
   Definitions
      At line 245 in file ..\src\startup_CMSDK_CM0.s
   Uses
      At line 247 in file ..\src\startup_CMSDK_CM0.s
Comment: KEY11 used once
KEY12 00000000

Symbol: KEY12
   Definitions
      At line 253 in file ..\src\startup_CMSDK_CM0.s
   Uses
      At line 255 in file ..\src\startup_CMSDK_CM0.s
Comment: KEY12 used once
KEY13 00000000

Symbol: KEY13
   Definitions
      At line 261 in file ..\src\startup_CMSDK_CM0.s
   Uses
      At line 263 in file ..\src\startup_CMSDK_CM0.s
Comment: KEY13 used once
KEY14 00000000

Symbol: KEY14
   Definitions
      At line 269 in file ..\src\startup_CMSDK_CM0.s
   Uses
      At line 271 in file ..\src\startup_CMSDK_CM0.s
Comment: KEY14 used once
KEY15 00000000

Symbol: KEY15



ARM Macro Assembler    Page 2 Alphabetic symbol ordering
External symbols

   Definitions
      At line 277 in file ..\src\startup_CMSDK_CM0.s
   Uses
      At line 279 in file ..\src\startup_CMSDK_CM0.s
Comment: KEY15 used once
KEY2 00000000

Symbol: KEY2
   Definitions
      At line 173 in file ..\src\startup_CMSDK_CM0.s
   Uses
      At line 175 in file ..\src\startup_CMSDK_CM0.s
Comment: KEY2 used once
KEY3 00000000

Symbol: KEY3
   Definitions
      At line 181 in file ..\src\startup_CMSDK_CM0.s
   Uses
      At line 183 in file ..\src\startup_CMSDK_CM0.s
Comment: KEY3 used once
KEY4 00000000

Symbol: KEY4
   Definitions
      At line 189 in file ..\src\startup_CMSDK_CM0.s
   Uses
      At line 191 in file ..\src\startup_CMSDK_CM0.s
Comment: KEY4 used once
KEY5 00000000

Symbol: KEY5
   Definitions
      At line 197 in file ..\src\startup_CMSDK_CM0.s
   Uses
      At line 199 in file ..\src\startup_CMSDK_CM0.s
Comment: KEY5 used once
KEY6 00000000

Symbol: KEY6
   Definitions
      At line 205 in file ..\src\startup_CMSDK_CM0.s
   Uses
      At line 207 in file ..\src\startup_CMSDK_CM0.s
Comment: KEY6 used once
KEY7 00000000

Symbol: KEY7
   Definitions
      At line 213 in file ..\src\startup_CMSDK_CM0.s
   Uses
      At line 215 in file ..\src\startup_CMSDK_CM0.s
Comment: KEY7 used once
KEY8 00000000

Symbol: KEY8
   Definitions
      At line 221 in file ..\src\startup_CMSDK_CM0.s
   Uses



ARM Macro Assembler    Page 3 Alphabetic symbol ordering
External symbols

      At line 223 in file ..\src\startup_CMSDK_CM0.s
Comment: KEY8 used once
KEY9 00000000

Symbol: KEY9
   Definitions
      At line 229 in file ..\src\startup_CMSDK_CM0.s
   Uses
      At line 231 in file ..\src\startup_CMSDK_CM0.s
Comment: KEY9 used once
RSSIScanHandler 00000000

Symbol: RSSIScanHandler
   Definitions
      At line 149 in file ..\src\startup_CMSDK_CM0.s
   Uses
      At line 151 in file ..\src\startup_CMSDK_CM0.s
Comment: RSSIScanHandler used once
UARTFM_Demodulated_Data_Dump_Done_Handler 00000000

Symbol: UARTFM_Demodulated_Data_Dump_Done_Handler
   Definitions
      At line 120 in file ..\src\startup_CMSDK_CM0.s
   Uses
      At line 122 in file ..\src\startup_CMSDK_CM0.s
Comment: UARTFM_Demodulated_Data_Dump_Done_Handler used once
UARTFM_IQ_Dump_Done_Handler 00000000

Symbol: UARTFM_IQ_Dump_Done_Handler
   Definitions
      At line 130 in file ..\src\startup_CMSDK_CM0.s
   Uses
      At line 132 in file ..\src\startup_CMSDK_CM0.s
Comment: UARTFM_IQ_Dump_Done_Handler used once
UARTHandle 00000000

Symbol: UARTHandle
   Definitions
      At line 140 in file ..\src\startup_CMSDK_CM0.s
   Uses
      At line 142 in file ..\src\startup_CMSDK_CM0.s
Comment: UARTHandle used once
__main 00000000

Symbol: __main
   Definitions
      At line 108 in file ..\src\startup_CMSDK_CM0.s
   Uses
      At line 109 in file ..\src\startup_CMSDK_CM0.s
      At line 112 in file ..\src\startup_CMSDK_CM0.s

__use_two_region_memory 00000000

Symbol: __use_two_region_memory
   Definitions
      At line 293 in file ..\src\startup_CMSDK_CM0.s
   Uses
      None
Comment: __use_two_region_memory unused



ARM Macro Assembler    Page 4 Alphabetic symbol ordering
External symbols

22 symbols
393 symbols in table
